Component: ARM Compiler 5.06 update 7 (build 960) Tool: armlink [4d3601]

==============================================================================

Section Cross References

    startup_stm32f427xx.o(STACK) refers (Special) to heapauxi.o(.text) for __use_two_region_memory
    startup_stm32f427xx.o(HEAP) refers (Special) to heapauxi.o(.text) for __use_two_region_memory
    startup_stm32f427xx.o(RESET) refers (Special) to heapauxi.o(.text) for __use_two_region_memory
    startup_stm32f427xx.o(RESET) refers to startup_stm32f427xx.o(STACK) for __initial_sp
    startup_stm32f427xx.o(RESET) refers to startup_stm32f427xx.o(.text) for Reset_Handler
    startup_stm32f427xx.o(RESET) refers to stm32f4xx_it.o(i.NMI_Handler) for NMI_Handler
    startup_stm32f427xx.o(RESET) refers to stm32f4xx_it.o(i.HardFault_Handler) for HardFault_Handler
    startup_stm32f427xx.o(RESET) refers to stm32f4xx_it.o(i.MemManage_Handler) for MemManage_Handler
    startup_stm32f427xx.o(RESET) refers to stm32f4xx_it.o(i.BusFault_Handler) for BusFault_Handler
    startup_stm32f427xx.o(RESET) refers to stm32f4xx_it.o(i.UsageFault_Handler) for UsageFault_Handler
    startup_stm32f427xx.o(RESET) refers to stm32f4xx_it.o(i.SVC_Handler) for SVC_Handler
    startup_stm32f427xx.o(RESET) refers to stm32f4xx_it.o(i.DebugMon_Handler) for DebugMon_Handler
    startup_stm32f427xx.o(RESET) refers to stm32f4xx_it.o(i.PendSV_Handler) for PendSV_Handler
    startup_stm32f427xx.o(RESET) refers to stm32f4xx_it.o(i.SysTick_Handler) for SysTick_Handler
    startup_stm32f427xx.o(RESET) refers to stm32f4xx_it.o(i.EXTI2_IRQHandler) for EXTI2_IRQHandler
    startup_stm32f427xx.o(RESET) refers to stm32f4xx_it.o(i.CAN1_RX0_IRQHandler) for CAN1_RX0_IRQHandler
    startup_stm32f427xx.o(.text) refers (Special) to heapauxi.o(.text) for __use_two_region_memory
    startup_stm32f427xx.o(.text) refers to system_stm32f4xx.o(i.SystemInit) for SystemInit
    startup_stm32f427xx.o(.text) refers to __main.o(!!!main) for __main
    startup_stm32f427xx.o(.text) refers to startup_stm32f427xx.o(HEAP) for Heap_Mem
    startup_stm32f427xx.o(.text) refers to startup_stm32f427xx.o(STACK) for Stack_Mem
    main.o(i.Get_Motor_Information) refers to assert.o(.text) for __aeabi_assert
    main.o(i.Get_Motor_Information) refers to main.o(.bss) for g_can1_rxheader
    main.o(i.HAL_CAN_RxFifo0MsgPendingCallback) refers to stm32f4xx_hal_can.o(i.HAL_CAN_GetRxMessage) for HAL_CAN_GetRxMessage
    main.o(i.HAL_CAN_RxFifo0MsgPendingCallback) refers to main.o(i.Get_Motor_Information) for Get_Motor_Information
    main.o(i.HAL_CAN_RxFifo0MsgPendingCallback) refers to can.o(i.can_send_data) for can_send_data
    main.o(i.HAL_CAN_RxFifo0MsgPendingCallback) refers to main.o(.bss) for g_can1_rxheader
    main.o(i.HAL_CAN_RxFifo0MsgPendingCallback) refers to main.o(.data) for motor_select
    main.o(i.HAL_GPIO_EXTI_Callback) refers to main.o(.data) for motor_speed
    main.o(i.SystemClock_Config) refers to rt_memclr_w.o(.text) for __aeabi_memclr4
    main.o(i.SystemClock_Config) refers to stm32f4xx_hal_rcc.o(i.HAL_RCC_OscConfig) for HAL_RCC_OscConfig
    main.o(i.SystemClock_Config) refers to main.o(i.Error_Handler) for Error_Handler
    main.o(i.SystemClock_Config) refers to stm32f4xx_hal_pwr_ex.o(i.HAL_PWREx_EnableOverDrive) for HAL_PWREx_EnableOverDrive
    main.o(i.SystemClock_Config) refers to stm32f4xx_hal_rcc.o(i.HAL_RCC_ClockConfig) for HAL_RCC_ClockConfig
    main.o(i.main) refers to stm32f4xx_hal.o(i.HAL_Init) for HAL_Init
    main.o(i.main) refers to main.o(i.SystemClock_Config) for SystemClock_Config
    main.o(i.main) refers to gpio.o(i.MX_GPIO_Init) for MX_GPIO_Init
    main.o(i.main) refers to can.o(i.MX_CAN1_Init) for MX_CAN1_Init
    gpio.o(i.MX_GPIO_Init) refers to rt_memclr_w.o(.text) for __aeabi_memclr4
    gpio.o(i.MX_GPIO_Init) refers to stm32f4xx_hal_gpio.o(i.HAL_GPIO_WritePin) for HAL_GPIO_WritePin
    gpio.o(i.MX_GPIO_Init) refers to stm32f4xx_hal_gpio.o(i.HAL_GPIO_Init) for HAL_GPIO_Init
    gpio.o(i.MX_GPIO_Init) refers to stm32f4xx_hal_cortex.o(i.HAL_NVIC_SetPriority) for HAL_NVIC_SetPriority
    gpio.o(i.MX_GPIO_Init) refers to stm32f4xx_hal_cortex.o(i.HAL_NVIC_EnableIRQ) for HAL_NVIC_EnableIRQ
    can.o(i.HAL_CAN_MspDeInit) refers to stm32f4xx_hal_gpio.o(i.HAL_GPIO_DeInit) for HAL_GPIO_DeInit
    can.o(i.HAL_CAN_MspDeInit) refers to stm32f4xx_hal_cortex.o(i.HAL_NVIC_DisableIRQ) for HAL_NVIC_DisableIRQ
    can.o(i.HAL_CAN_MspInit) refers to rt_memclr_w.o(.text) for __aeabi_memclr4
    can.o(i.HAL_CAN_MspInit) refers to stm32f4xx_hal_gpio.o(i.HAL_GPIO_Init) for HAL_GPIO_Init
    can.o(i.HAL_CAN_MspInit) refers to stm32f4xx_hal_cortex.o(i.HAL_NVIC_SetPriority) for HAL_NVIC_SetPriority
    can.o(i.HAL_CAN_MspInit) refers to stm32f4xx_hal_cortex.o(i.HAL_NVIC_EnableIRQ) for HAL_NVIC_EnableIRQ
    can.o(i.MX_CAN1_Init) refers to stm32f4xx_hal_can.o(i.HAL_CAN_Init) for HAL_CAN_Init
    can.o(i.MX_CAN1_Init) refers to main.o(i.Error_Handler) for Error_Handler
[...]
    Removing stm32f4xx_hal_msp.o(.revsh_text), (4 bytes).
    Removing stm32f4xx_hal_msp.o(.rrx_text), (6 bytes).
    Removing stm32f4xx_hal_can.o(.rev16_text), (4 bytes).
    Removing stm32f4xx_hal_can.o(.revsh_text), (4 bytes).
    Removing stm32f4xx_hal_can.o(.rrx_text), (6 bytes).
    Removing stm32f4xx_hal_can.o(i.HAL_CAN_AbortTxRequest), (86 bytes).
    Removing stm32f4xx_hal_can.o(i.HAL_CAN_DeInit), (46 bytes).
    Removing stm32f4xx_hal_can.o(i.HAL_CAN_DeactivateNotification), (42 bytes).
    Removing stm32f4xx_hal_can.o(i.HAL_CAN_GetError), (6 bytes).
    Removing stm32f4xx_hal_can.o(i.HAL_CAN_GetRxFifoFillLevel), (40 bytes).
    Removing stm32f4xx_hal_can.o(i.HAL_CAN_GetState), (42 bytes).
    Removing stm32f4xx_hal_can.o(i.HAL_CAN_GetTxMailboxesFreeLevel), (54 bytes).
    Removing stm32f4xx_hal_can.o(i.HAL_CAN_GetTxTimestamp), (42 bytes).
    Removing stm32f4xx_hal_can.o(i.HAL_CAN_IsSleepActive), (30 bytes).
    Removing stm32f4xx_hal_can.o(i.HAL_CAN_IsTxMessagePending), (36 bytes).
    Removing stm32f4xx_hal_can.o(i.HAL_CAN_MspDeInit), (2 bytes).
    Removing stm32f4xx_hal_can.o(i.HAL_CAN_MspInit), (2 bytes).
    Removing stm32f4xx_hal_can.o(i.HAL_CAN_RequestSleep), (42 bytes).
    Removing stm32f4xx_hal_can.o(i.HAL_CAN_ResetError), (34 bytes).
    Removing stm32f4xx_hal_can.o(i.HAL_CAN_RxFifo0MsgPendingCallback), (2 bytes).
    Removing stm32f4xx_hal_can.o(i.HAL_CAN_Stop), (106 bytes).
    Removing stm32f4xx_hal_can.o(i.HAL_CAN_WakeUp), (92 bytes).
    Removing stm32f4xx_hal_rcc.o(.rev16_text), (4 bytes).
    Removing stm32f4xx_hal_rcc.o(.revsh_text), (4 bytes).
    Removing stm32f4xx_hal_rcc.o(.rrx_text), (6 bytes).
    Removing stm32f4xx_hal_rcc.o(i.HAL_RCC_CSSCallback), (2 bytes).
    Removing stm32f4xx_hal_rcc.o(i.HAL_RCC_DeInit), (4 bytes).
    Removing stm32f4xx_hal_rcc.o(i.HAL_RCC_DisableCSS), (12 bytes).
    Removing stm32f4xx_hal_rcc.o(i.HAL_RCC_EnableCSS), (12 bytes).
    Removing stm32f4xx_hal_rcc.o(i.HAL_RCC_GetClockConfig), (68 bytes).
    Removing stm32f4xx_hal_rcc.o(i.HAL_RCC_GetHCLKFreq), (12 bytes).
    Removing stm32f4xx_hal_rcc.o(i.HAL_RCC_GetOscConfig), (244 bytes).
    Removing stm32f4xx_hal_rcc.o(i.HAL_RCC_GetPCLK1Freq), (32 bytes).
    Removing stm32f4xx_hal_rcc.o(i.HAL_RCC_GetPCLK2Freq), (32 bytes).
    Removing stm32f4xx_hal_rcc.o(i.HAL_RCC_MCOConfig), (192 bytes).
    Removing stm32f4xx_hal_rcc.o(i.HAL_RCC_NMI_IRQHandler), (32 bytes).
    Removing stm32f4xx_hal_rcc_ex.o(.rev16_text), (4 bytes).
    Removing stm32f4xx_hal_rcc_ex.o(.revsh_text), (4 bytes).
    Removing stm32f4xx_hal_rcc_ex.o(.rrx_text), (6 bytes).
    Removing stm32f4xx_hal_rcc_ex.o(i.HAL_RCCEx_DisablePLLI2S), (56 bytes).
    Removing stm32f4xx_hal_rcc_ex.o(i.HAL_RCCEx_DisablePLLSAI), (56 bytes).
    Removing stm32f4xx_hal_rcc_ex.o(i.HAL_RCCEx_EnablePLLI2S), (120 bytes).
    Removing stm32f4xx_hal_rcc_ex.o(i.HAL_RCCEx_EnablePLLSAI), (120 bytes).
    Removing stm32f4xx_hal_rcc_ex.o(i.HAL_RCCEx_GetPeriphCLKConfig), (164 bytes).
    Removing stm32f4xx_hal_rcc_ex.o(i.HAL_RCCEx_GetPeriphCLKFreq), (144 bytes).
    Removing stm32f4xx_hal_rcc_ex.o(i.HAL_RCCEx_PeriphCLKConfig), (772 bytes).
    Removing stm32f4xx_hal_rcc_ex.o(i.HAL_RCC_DeInit), (452 bytes).
    Removing stm32f4xx_hal_flash.o(.rev16_text), (4 bytes).
    Removing stm32f4xx_hal_flash.o(.revsh_text), (4 bytes).
    Removing stm32f4xx_hal_flash.o(.rrx_text), (6 bytes).
    Removing stm32f4xx_hal_flash.o(i.FLASH_Program_Byte), (36 bytes).
    Removing stm32f4xx_hal_flash.o(i.FLASH_Program_DoubleWord), (60 bytes).
    Removing stm32f4xx_hal_flash.o(i.FLASH_Program_HalfWord), (40 bytes).
    Removing stm32f4xx_hal_flash.o(i.FLASH_Program_Word), (40 bytes).
    Removing stm32f4xx_hal_flash.o(i.FLASH_SetErrorCode), (180 bytes).
    Removing stm32f4xx_hal_flash.o(i.FLASH_WaitForLastOperation), (100 bytes).
    Removing stm32f4xx_hal_flash.o(i.HAL_FLASH_EndOfOperationCallback), (2 bytes).
    Removing stm32f4xx_hal_flash.o(i.HAL_FLASH_GetError), (12 bytes).
    Removing stm32f4xx_hal_flash.o(i.HAL_FLASH_IRQHandler), (272 bytes).
    Removing stm32f4xx_hal_flash.o(i.HAL_FLASH_Lock), (20 bytes).
    Removing stm32f4xx_hal_flash.o(i.HAL_FLASH_OB_Launch), (28 bytes).
    Removing stm32f4xx_hal_flash.o(i.HAL_FLASH_OB_Lock), (20 bytes).
    Removing stm32f4xx_hal_flash.o(i.HAL_FLASH_OB_Unlock), (44 bytes).
    Removing stm32f4xx_hal_flash.o(i.HAL_FLASH_OperationErrorCallback), (2 bytes).
    Removing stm32f4xx_hal_flash.o(i.HAL_FLASH_Program), (152 bytes).
    Removing stm32f4xx_hal_flash.o(i.HAL_FLASH_Program_IT), (136 bytes).
    Removing stm32f4xx_hal_flash.o(i.HAL_FLASH_Unlock), (52 bytes).
    Removing stm32f4xx_hal_flash.o(.bss), (32 bytes).
    Removing stm32f4xx_hal_flash_ex.o(.rev16_text), (4 bytes).
    Removing stm32f4xx_hal_flash_ex.o(.revsh_text), (4 bytes).
    Removing stm32f4xx_hal_flash_ex.o(.rrx_text), (6 bytes).
    Removing stm32f4xx_hal_flash_ex.o(i.FLASH_Erase_Sector), (96 bytes).
    Removing stm32f4xx_hal_flash_ex.o(i.FLASH_FlushCaches), (120 bytes).
    Removing stm32f4xx_hal_flash_ex.o(i.FLASH_MassErase), (84 bytes).
    Removing stm32f4xx_hal_flash_ex.o(i.FLASH_OB_BOR_LevelConfig), (32 bytes).
    Removing stm32f4xx_hal_flash_ex.o(i.FLASH_OB_BootConfig), (48 bytes).
    Removing stm32f4xx_hal_flash_ex.o(i.FLASH_OB_DisablePCROP), (100 bytes).
    Removing stm32f4xx_hal_flash_ex.o(i.FLASH_OB_DisableWRP), (148 bytes).
    Removing stm32f4xx_hal_flash_ex.o(i.FLASH_OB_EnablePCROP), (104 bytes).
    Removing stm32f4xx_hal_flash_ex.o(i.FLASH_OB_EnableWRP), (140 bytes).
    Removing stm32f4xx_hal_flash_ex.o(i.FLASH_OB_GetBOR), (16 bytes).
    Removing stm32f4xx_hal_flash_ex.o(i.FLASH_OB_GetRDP), (36 bytes).
    Removing stm32f4xx_hal_flash_ex.o(i.FLASH_OB_GetUser), (16 bytes).
    Removing stm32f4xx_hal_flash_ex.o(i.FLASH_OB_GetWRP), (12 bytes).
    Removing stm32f4xx_hal_flash_ex.o(i.FLASH_OB_RDP_LevelConfig), (32 bytes).
    Removing stm32f4xx_hal_flash_ex.o(i.FLASH_OB_UserConfig), (60 bytes).
    Removing stm32f4xx_hal_flash_ex.o(i.HAL_FLASHEx_AdvOBGetConfig), (28 bytes).
    Removing stm32f4xx_hal_flash_ex.o(i.HAL_FLASHEx_AdvOBProgram), (68 bytes).
    Removing stm32f4xx_hal_flash_ex.o(i.HAL_FLASHEx_Erase), (176 bytes).
    Removing stm32f4xx_hal_flash_ex.o(i.HAL_FLASHEx_Erase_IT), (120 bytes).
    Removing stm32f4xx_hal_flash_ex.o(i.HAL_FLASHEx_OBGetConfig), (34 bytes).
    Removing stm32f4xx_hal_flash_ex.o(i.HAL_FLASHEx_OBProgram), (148 bytes).
    Removing stm32f4xx_hal_flash_ex.o(i.HAL_FLASHEx_OB_DeSelectPCROP), (24 bytes).
    Removing stm32f4xx_hal_flash_ex.o(i.HAL_FLASHEx_OB_GetBank2WRP), (12 bytes).
    Removing stm32f4xx_hal_flash_ex.o(i.HAL_FLASHEx_OB_SelectPCROP), (28 bytes).
    Removing stm32f4xx_hal_flash_ramfunc.o(.rev16_text), (4 bytes).
    Removing stm32f4xx_hal_flash_ramfunc.o(.revsh_text), (4 bytes).
    Removing stm32f4xx_hal_flash_ramfunc.o(.rrx_text), (6 bytes).
    Removing stm32f4xx_hal_gpio.o(.rev16_text), (4 bytes).
    Removing stm32f4xx_hal_gpio.o(.revsh_text), (4 bytes).
    Removing stm32f4xx_hal_gpio.o(.rrx_text), (6 bytes).
    Removing stm32f4xx_hal_gpio.o(i.HAL_GPIO_DeInit), (388 bytes).
    Removing stm32f4xx_hal_gpio.o(i.HAL_GPIO_EXTI_Callback), (2 bytes).
    Removing stm32f4xx_hal_gpio.o(i.HAL_GPIO_LockPin), (46 bytes).
    Removing stm32f4xx_hal_gpio.o(i.HAL_GPIO_ReadPin), (16 bytes).
    Removing stm32f4xx_hal_gpio.o(i.HAL_GPIO_TogglePin), (20 bytes).
    Removing stm32f4xx_hal_dma_ex.o(.rev16_text), (4 bytes).
    Removing stm32f4xx_hal_dma_ex.o(.revsh_text), (4 bytes).
    Removing stm32f4xx_hal_dma_ex.o(.rrx_text), (6 bytes).
    Removing stm32f4xx_hal_dma_ex.o(i.DMA_MultiBufferSetConfig), (32 bytes).
    Removing stm32f4xx_hal_dma_ex.o(i.HAL_DMAEx_ChangeMemory), (18 bytes).
    Removing stm32f4xx_hal_dma_ex.o(i.HAL_DMAEx_MultiBufferStart), (124 bytes).
    Removing stm32f4xx_hal_dma_ex.o(i.HAL_DMAEx_MultiBufferStart_IT), (4056 bytes).
    Removing stm32f4xx_hal_dma.o(.rev16_text), (4 bytes).
    Removing stm32f4xx_hal_dma.o(.revsh_text), (4 bytes).
    Removing stm32f4xx_hal_dma.o(.rrx_text), (6 bytes).
    Removing stm32f4xx_hal_dma.o(i.DMA_CalcBaseAndBitshift), (52 bytes).
    Removing stm32f4xx_hal_dma.o(i.DMA_CheckFifoParam), (170 bytes).
    Removing stm32f4xx_hal_dma.o(i.DMA_SetConfig), (44 bytes).
    Removing stm32f4xx_hal_dma.o(i.HAL_DMA_Abort), (172 bytes).
    Removing stm32f4xx_hal_dma.o(i.HAL_DMA_Abort_IT), (40 bytes).
    Removing stm32f4xx_hal_dma.o(i.HAL_DMA_DeInit), (112 bytes).
    Removing stm32f4xx_hal_dma.o(i.HAL_DMA_GetError), (6 bytes).
    Removing stm32f4xx_hal_dma.o(i.HAL_DMA_GetState), (8 bytes).
    Removing stm32f4xx_hal_dma.o(i.HAL_DMA_IRQHandler), (576 bytes).
    Removing stm32f4xx_hal_dma.o(i.HAL_DMA_Init), (236 bytes).
    Removing stm32f4xx_hal_dma.o(i.HAL_DMA_PollForTransfer), (346 bytes).
    Removing stm32f4xx_hal_dma.o(i.HAL_DMA_RegisterCallback), (96 bytes).
    Removing stm32f4xx_hal_dma.o(i.HAL_DMA_Start), (102 bytes).
    Removing stm32f4xx_hal_dma.o(i.HAL_DMA_Start_IT), (146 bytes).
    Removing stm32f4xx_hal_dma.o(i.HAL_DMA_UnRegisterCallback), (124 bytes).
    Removing stm32f4xx_hal_dma.o(.constdata), (8 bytes).
    Removing stm32f4xx_hal_pwr.o(.rev16_text), (4 bytes).
    Removing stm32f4xx_hal_pwr.o(.revsh_text), (4 bytes).
    Removing stm32f4xx_hal_pwr.o(.rrx_text), (6 bytes).
    Removing stm32f4xx_hal_pwr.o(i.HAL_PWR_ConfigPVD), (180 bytes).
    Removing stm32f4xx_hal_pwr.o(i.HAL_PWR_DeInit), (28 bytes).
    Removing stm32f4xx_hal_pwr.o(i.HAL_PWR_DisableBkUpAccess), (28 bytes).
    Removing stm32f4xx_hal_pwr.o(i.HAL_PWR_DisablePVD), (12 bytes).
    Removing stm32f4xx_hal_pwr.o(i.HAL_PWR_DisableSEVOnPend), (20 bytes).
    Removing stm32f4xx_hal_pwr.o(i.HAL_PWR_DisableSleepOnExit), (20 bytes).
    Removing stm32f4xx_hal_pwr.o(i.HAL_PWR_DisableWakeUpPin), (16 bytes).
    Removing stm32f4xx_hal_pwr.o(i.HAL_PWR_EnableBkUpAccess), (28 bytes).
    Removing stm32f4xx_hal_pwr.o(i.HAL_PWR_EnablePVD), (12 bytes).
    Removing stm32f4xx_hal_pwr.o(i.HAL_PWR_EnableSEVOnPend), (20 bytes).
    Removing stm32f4xx_hal_pwr.o(i.HAL_PWR_EnableSleepOnExit), (20 bytes).
    Removing stm32f4xx_hal_pwr.o(i.HAL_PWR_EnableWakeUpPin), (16 bytes).
    Removing stm32f4xx_hal_pwr.o(i.HAL_PWR_EnterSLEEPMode), (32 bytes).
    Removing stm32f4xx_hal_pwr.o(i.HAL_PWR_EnterSTANDBYMode), (40 bytes).
    Removing stm32f4xx_hal_pwr.o(i.HAL_PWR_EnterSTOPMode), (64 bytes).
    Removing stm32f4xx_hal_pwr.o(i.HAL_PWR_PVDCallback), (2 bytes).
    Removing stm32f4xx_hal_pwr.o(i.HAL_PWR_PVD_IRQHandler), (32 bytes).
    Removing stm32f4xx_hal_pwr_ex.o(.rev16_text), (4 bytes).
    Removing stm32f4xx_hal_pwr_ex.o(.revsh_text), (4 bytes).
    Removing stm32f4xx_hal_pwr_ex.o(.rrx_text), (6 bytes).
    Removing stm32f4xx_hal_pwr_ex.o(i.HAL_PWREx_ControlVoltageScaling), (228 bytes).
    Removing stm32f4xx_hal_pwr_ex.o(i.HAL_PWREx_DisableBkUpReg), (60 bytes).
    Removing stm32f4xx_hal_pwr_ex.o(i.HAL_PWREx_DisableFlashPowerDown), (12 bytes).
    Removing stm32f4xx_hal_pwr_ex.o(i.HAL_PWREx_DisableOverDrive), (140 bytes).
    Removing stm32f4xx_hal_pwr_ex.o(i.HAL_PWREx_EnableBkUpReg), (60 bytes).
    Removing stm32f4xx_hal_pwr_ex.o(i.HAL_PWREx_EnableFlashPowerDown), (12 bytes).
    Removing stm32f4xx_hal_pwr_ex.o(i.HAL_PWREx_EnterUnderDriveSTOPMode), (128 bytes).
    Removing stm32f4xx_hal_pwr_ex.o(i.HAL_PWREx_GetVoltageRange), (16 bytes).
    Removing stm32f4xx_hal_cortex.o(.rev16_text), (4 bytes).
    Removing stm32f4xx_hal_cortex.o(.revsh_text), (4 bytes).
    Removing stm32f4xx_hal_cortex.o(.rrx_text), (6 bytes).
    Removing stm32f4xx_hal_cortex.o(i.HAL_MPU_ConfigRegion), (92 bytes).
    Removing stm32f4xx_hal_cortex.o(i.HAL_MPU_Disable), (44 bytes).
    Removing stm32f4xx_hal_cortex.o(i.HAL_MPU_Enable), (64 bytes).
    Removing stm32f4xx_hal_cortex.o(i.HAL_NVIC_ClearPendingIRQ), (36 bytes).
    Removing stm32f4xx_hal_cortex.o(i.HAL_NVIC_DisableIRQ), (68 bytes).
    Removing stm32f4xx_hal_cortex.o(i.HAL_NVIC_GetActive), (48 bytes).
    Removing stm32f4xx_hal_cortex.o(i.HAL_NVIC_GetPendingIRQ), (48 bytes).
    Removing stm32f4xx_hal_cortex.o(i.HAL_NVIC_GetPriority), (148 bytes).
    Removing stm32f4xx_hal_cortex.o(i.HAL_NVIC_GetPriorityGrouping), (8 bytes).
    Removing stm32f4xx_hal_cortex.o(i.HAL_NVIC_SetPendingIRQ), (36 bytes).
    Removing stm32f4xx_hal_cortex.o(i.HAL_NVIC_SystemReset), (68 bytes).
    Removing stm32f4xx_hal_cortex.o(i.HAL_SYSTICK_CLKSourceConfig), (40 bytes).
    Removing stm32f4xx_hal_cortex.o(i.HAL_SYSTICK_Callback), (2 bytes).
    Removing stm32f4xx_hal_cortex.o(i.HAL_SYSTICK_IRQHandler), (8 bytes).
    Removing stm32f4xx_hal.o(.rev16_text), (4 bytes).
    Removing stm32f4xx_hal.o(.revsh_text), (4 bytes).
    Removing stm32f4xx_hal.o(.rrx_text), (6 bytes).
    Removing stm32f4xx_hal.o(i.HAL_DBGMCU_DisableDBGSleepMode), (20 bytes).
    Removing stm32f4xx_hal.o(i.HAL_DBGMCU_DisableDBGStandbyMode), (20 bytes).
    Removing stm32f4xx_hal.o(i.HAL_DBGMCU_DisableDBGStopMode), (20 bytes).
    Removing stm32f4xx_hal.o(i.HAL_DBGMCU_EnableDBGSleepMode), (20 bytes).
    Removing stm32f4xx_hal.o(i.HAL_DBGMCU_EnableDBGStandbyMode), (20 bytes).
    Removing stm32f4xx_hal.o(i.HAL_DBGMCU_EnableDBGStopMode), (20 bytes).
    Removing stm32f4xx_hal.o(i.HAL_DeInit), (68 bytes).
    Removing stm32f4xx_hal.o(i.HAL_Delay), (40 bytes).
    Removing stm32f4xx_hal.o(i.HAL_DisableCompensationCell), (12 bytes).
    Removing stm32f4xx_hal.o(i.HAL_DisableMemorySwappingBank), (12 bytes).
    Removing stm32f4xx_hal.o(i.HAL_EnableCompensationCell), (12 bytes).
    Removing stm32f4xx_hal.o(i.HAL_EnableMemorySwappingBank), (12 bytes).
    Removing stm32f4xx_hal.o(i.HAL_GetDEVID), (16 bytes).
    Removing stm32f4xx_hal.o(i.HAL_GetHalVersion), (8 bytes).
    Removing stm32f4xx_hal.o(i.HAL_GetREVID), (12 bytes).
    Removing stm32f4xx_hal.o(i.HAL_GetTickFreq), (12 bytes).
    Removing stm32f4xx_hal.o(i.HAL_GetTickPrio), (12 bytes).
    Removing stm32f4xx_hal.o(i.HAL_GetUIDw0), (12 bytes).
    Removing stm32f4xx_hal.o(i.HAL_GetUIDw1), (12 bytes).
    Removing stm32f4xx_hal.o(i.HAL_GetUIDw2), (12 bytes).
    Removing stm32f4xx_hal.o(i.HAL_MspDeInit), (2 bytes).
    Removing stm32f4xx_hal.o(i.HAL_MspInit), (2 bytes).
    Removing stm32f4xx_hal.o(i.HAL_ResumeTick), (18 bytes).
    Removing stm32f4xx_hal.o(i.HAL_SetTickFreq), (48 bytes).
    Removing stm32f4xx_hal.o(i.HAL_SuspendTick), (18 bytes).
    Removing stm32f4xx_hal_exti.o(.rev16_text), (4 bytes).
    Removing stm32f4xx_hal_exti.o(.revsh_text), (4 bytes).
    Removing stm32f4xx_hal_exti.o(.rrx_text), (6 bytes).
    Removing stm32f4xx_hal_exti.o(i.HAL_EXTI_ClearConfigLine), (120 bytes).
    Removing stm32f4xx_hal_exti.o(i.HAL_EXTI_ClearPending), (28 bytes).
    Removing stm32f4xx_hal_exti.o(i.HAL_EXTI_GenerateSWI), (24 bytes).
    Removing stm32f4xx_hal_exti.o(i.HAL_EXTI_GetConfigLine), (164 bytes).
    Removing stm32f4xx_hal_exti.o(i.HAL_EXTI_GetHandle), (14 bytes).
    Removing stm32f4xx_hal_exti.o(i.HAL_EXTI_GetPending), (36 bytes).
    Removing stm32f4xx_hal_exti.o(i.HAL_EXTI_IRQHandler), (44 bytes).
    Removing stm32f4xx_hal_exti.o(i.HAL_EXTI_RegisterCallback), (20 bytes).
    Removing stm32f4xx_hal_exti.o(i.HAL_EXTI_SetConfigLine), (240 bytes).
    Removing stm32f4xx_hal_tim.o(.rev16_text), (4 bytes).
    Removing stm32f4xx_hal_tim.o(.revsh_text), (4 bytes).
    Removing stm32f4xx_hal_tim.o(.rrx_text), (6 bytes).
    Removing stm32f4xx_hal_tim_ex.o(.rev16_text), (4 bytes).
    Removing stm32f4xx_hal_tim_ex.o(.revsh_text), (4 bytes).
    Removing stm32f4xx_hal_tim_ex.o(.rrx_text), (6 bytes).
    Removing system_stm32f4xx.o(.rev16_text), (4 bytes).
    Removing system_stm32f4xx.o(.revsh_text), (4 bytes).
    Removing system_stm32f4xx.o(.rrx_text), (6 bytes).
    Removing system_stm32f4xx.o(i.SystemCoreClockUpdate), (192 bytes).

244 unused section(s) (total 16718 bytes) removed from the image.

==============================================================================

Image Symbol Table

    Local Symbols

    Symbol Name                              Value     Ov Type        Size  Object(Section)

    ../Drivers/STM32F4xx_HAL_Driver/Src/stm32f4xx_hal.c 0x00000000   Number         0  stm32f4xx_hal.o ABSOLUTE
    ../Drivers/STM32F4xx_HAL_Driver/Src/stm32f4xx_hal_can.c 0x00000000   Number         0  stm32f4xx_hal_can.o ABSOLUTE
    ../Drivers/STM32F4xx_HAL_Driver/Src/stm32f4xx_hal_cortex.c 0x00000000   Number         0  stm32f4xx_hal_cortex.o ABSOLUTE
    ../Drivers/STM32F4xx_HAL_Driver/Src/stm32f4xx_hal_dma.c 0x00000000   Number         0  stm32f4xx_hal_dma.o ABSOLUTE
    ../Drivers/STM32F4xx_HAL_Driver/Src/stm32f4xx_hal_dma_ex.c 0x00000000   Number         0  stm32f4xx_hal_dma_ex.o ABSOLUTE
    ../Drivers/STM32F4xx_HAL_Driver/Src/stm32f4xx_hal_exti.c 0x00000000   Number         0  stm32f4xx_hal_exti.o ABSOLUTE
    ../Drivers/STM32F4xx_HAL_Driver/Src/stm32f4xx_hal_flash.c 0x00000000   Number         0  stm32f4xx_hal_flash.o ABSOLUTE
    ../Drivers/STM32F4xx_HAL_Driver/Src/stm32f4xx_hal_flash_ex.c 0x00000000   Number         0  stm32f4xx_hal_flash_ex.o ABSOLUTE
    ../Drivers/STM32F4xx_HAL_Driver/Src/stm32f4xx_hal_flash_ramfunc.c 0x00000000   Number         0  stm32f4xx_hal_flash_ramfunc.o ABSOLUTE
    ../Drivers/STM32F4xx_HAL_Driver/Src/stm32f4xx_hal_gpio.c 0x00000000   Number         0  stm32f4xx_hal_gpio.o ABSOLUTE
    ../Drivers/STM32F4xx_HAL_Driver/Src/stm32f4xx_hal_pwr.c 0x00000000   Number         0  stm32f4xx_hal_pwr.o ABSOLUTE
    ../Drivers/STM32F4xx_HAL_Driver/Src/stm32f4xx_hal_pwr_ex.c 0x00000000   Number         0  stm32f4xx_hal_pwr_ex.o ABSOLUTE
    ../Drivers/STM32F4xx_HAL_Driver/Src/stm32f4xx_hal_rcc.c 0x00000000   Number         0  stm32f4xx_hal_rcc.o ABSOLUTE
    ../Drivers/STM32F4xx_HAL_Driver/Src/stm32f4xx_hal_rcc_ex.c 0x00000000   Number         0  stm32f4xx_hal_rcc_ex.o ABSOLUTE
    ../Drivers/STM32F4xx_HAL_Driver/Src/stm32f4xx_hal_tim.c 0x00000000   Number         0  stm32f4xx_hal_tim.o ABSOLUTE
    ../Drivers/STM32F4xx_HAL_Driver/Src/stm32f4xx_hal_tim_ex.c 0x00000000   Number         0  stm32f4xx_hal_tim_ex.o ABSOLUTE
    ../Src/can.c                             0x00000000   Number         0  can.o ABSOLUTE
    ../Src/gpio.c                            0x00000000   Number         0  gpio.o ABSOLUTE
    ../Src/main.c                            0x00000000   Number         0  main.o ABSOLUTE
    ../Src/stm32f4xx_hal_msp.c               0x00000000   Number         0  stm32f4xx_hal_msp.o ABSOLUTE
    ../Src/stm32f4xx_it.c                    0x00000000   Number         0  stm32f4xx_it.o ABSOLUTE
    ../Src/system_stm32f4xx.c                0x00000000   Number         0  system_stm32f4xx.o ABSOLUTE
    ../clib/angel/boardlib.s                 0x00000000   Number         0  boardshut.o ABSOLUTE
    ../clib/angel/boardlib.s                 0x00000000   Number         0  boardinit2.o ABSOLUTE
    ../clib/angel/boardlib.s                 0x00000000   Number         0  boardinit3.o ABSOLUTE
    ../clib/angel/boardlib.s                 0x00000000   Number         0  boardinit1.o ABSOLUTE
    ../clib/angel/handlers.s                 0x00000000   Number         0  __scatter_zi.o ABSOLUTE
    ../clib/angel/handlers.s                 0x00000000   Number         0  __scatter_copy.o ABSOLUTE
    ../clib/angel/kernel.s                   0x00000000   Number         0  __rtentry.o ABSOLUTE
    ../clib/angel/kernel.s                   0x00000000   Number         0  rtexit2.o ABSOLUTE
    ../clib/angel/kernel.s                   0x00000000   Number         0  __rtentry2.o ABSOLUTE
    ../clib/angel/kernel.s                   0x00000000   Number         0  rtexit.o ABSOLUTE
    ../clib/angel/kernel.s                   0x00000000   Number         0  __rtentry4.o ABSOLUTE
    ../clib/angel/rt.s                       0x00000000   Number         0  rt_raise.o ABSOLUTE
    ../clib/angel/rt.s                       0x00000000   Number         0  rt_div0.o ABSOLUTE
    ../clib/angel/rt.s                       0x00000000   Number         0  aeabi_ldiv0_sigfpe.o ABSOLUTE
    ../clib/angel/rt.s                       0x00000000   Number         0  aeabi_ldiv0.o ABSOLUTE
    ../clib/angel/scatter.s                  0x00000000   Number         0  __scatter.o ABSOLUTE
    ../clib/angel/startup.s                  0x00000000   Number         0  __main.o ABSOLUTE
    ../clib/angel/sys.s                      0x00000000   Number         0  libspace.o ABSOLUTE
    ../clib/angel/sys.s                      0x00000000   Number         0  indicate_semi.o ABSOLUTE
    ../clib/angel/sys.s                      0x00000000   Number         0  use_no_semi.o ABSOLUTE
    ../clib/angel/sys.s                      0x00000000   Number         0  sys_stackheap_outer.o ABSOLUTE
    ../clib/angel/sysapp.c                   0x00000000   Number         0  sys_exit.o ABSOLUTE
    ../clib/angel/sysapp.c                   0x00000000   Number         0  sys_wrch.o ABSOLUTE
    ../clib/angel/sysapp.c                   0x00000000   Number         0  sys_command.o ABSOLUTE
    ../clib/armsys.c                         0x00000000   Number         0  no_argv.o ABSOLUTE
    ../clib/armsys.c                         0x00000000   Number         0  _get_argv_nomalloc.o ABSOLUTE
    ../clib/armsys.c                         0x00000000   Number         0  argv_veneer.o ABSOLUTE
    ../clib/armsys.c                         0x00000000   Number         0  argv_veneer.o ABSOLUTE
    ../clib/assert.c                         0x00000000   Number         0  assert.o ABSOLUTE
    ../clib/assert.c                         0x00000000   Number         0  assert_puts.o ABSOLUTE
    ../clib/heapalloc.c                      0x00000000   Number         0  hrguard.o ABSOLUTE
    ../clib/heapaux.c                        0x00000000   Number         0  heapauxi.o ABSOLUTE
    ../clib/libinit.s                        0x00000000   Number         0  libshutdown.o ABSOLUTE
    ../clib/libinit.s                        0x00000000   Number         0  libinit2.o ABSOLUTE
    ../clib/libinit.s                        0x00000000   Number         0  libinit.o ABSOLUTE
    ../clib/libinit.s                        0x00000000   Number         0  libshutdown2.o ABSOLUTE
    ../clib/longlong.s                       0x00000000   Number         0  lludivv7m.o ABSOLUTE
    ../clib/memcpset.s                       0x00000000   Number         0  rt_memclr_w.o ABSOLUTE
    ../clib/signal.c                         0x00000000   Number         0  defsig_abrt_inner.o ABSOLUTE
    ../clib/signal.c                         0x00000000   Number         0  defsig_exit.o ABSOLUTE
    ../clib/signal.c                         0x00000000   Number         0  defsig_abrt_outer.o ABSOLUTE
    ../clib/signal.c                         0x00000000   Number         0  defsig_rtmem_formal.o ABSOLUTE
    ../clib/signal.c                         0x00000000   Number         0  defsig_rtmem_outer.o ABSOLUTE
    ../clib/signal.c                         0x00000000   Number         0  defsig_other.o ABSOLUTE
    ../clib/signal.c                         0x00000000   Number         0  defsig_segv_inner.o ABSOLUTE
    ../clib/signal.c                         0x00000000   Number         0  defsig_abrt_formal.o ABSOLUTE
    ../clib/signal.c                         0x00000000   Number         0  defsig_cppl_inner.o ABSOLUTE
    ../clib/signal.c                         0x00000000   Number         0  defsig_pvfn_inner.o ABSOLUTE
    ../clib/signal.c                         0x00000000   Number         0  defsig_stak_inner.o ABSOLUTE
    ../clib/signal.c                         0x00000000   Number         0  defsig_rtmem_inner.o ABSOLUTE
    ../clib/signal.c                         0x00000000   Number         0  defsig_rtred_inner.o ABSOLUTE
    ../clib/signal.c                         0x00000000   Number         0  defsig_fpe_inner.o ABSOLUTE
    ../clib/signal.c                         0x00000000   Number         0  defsig_general.o ABSOLUTE
    ../clib/signal.c                         0x00000000   Number         0  __raise.o ABSOLUTE
    ../clib/signal.c                         0x00000000   Number         0  defsig_fpe_formal.o ABSOLUTE
    ../clib/signal.c                         0x00000000   Number         0  defsig_fpe_outer.o ABSOLUTE
    ../clib/signal.s                         0x00000000   Number         0  defsig.o ABSOLUTE
    ../clib/stdlib.c                         0x00000000   Number         0  exit.o ABSOLUTE
    ../clib/stdlib.c                         0x00000000   Number         0  abort.o ABSOLUTE
    ../fplib/fpinit.s                        0x00000000   Number         0  fpinit.o ABSOLUTE
    ..\Drivers\STM32F4xx_HAL_Driver\Src\stm32f4xx_hal.c 0x00000000   Number         0  stm32f4xx_hal.o ABSOLUTE
    ..\Drivers\STM32F4xx_HAL_Driver\Src\stm32f4xx_hal_can.c 0x00000000   Number         0  stm32f4xx_hal_can.o ABSOLUTE
    ..\Drivers\STM32F4xx_HAL_Driver\Src\stm32f4xx_hal_cortex.c 0x00000000   Number         0  stm32f4xx_hal_cortex.o ABSOLUTE
    ..\Drivers\STM32F4xx_HAL_Driver\Src\stm32f4xx_hal_dma.c 0x00000000   Number         0  stm32f4xx_hal_dma.o ABSOLUTE
    ..\Drivers\STM32F4xx_HAL_Driver\Src\stm32f4xx_hal_dma_ex.c 0x00000000   Number         0  stm32f4xx_hal_dma_ex.o ABSOLUTE
    ..\Drivers\STM32F4xx_HAL_Driver\Src\stm32f4xx_hal_exti.c 0x00000000   Number         0  stm32f4xx_hal_exti.o ABSOLUTE
    ..\Drivers\STM32F4xx_HAL_Driver\Src\stm32f4xx_hal_flash.c 0x00000000   Number         0  stm32f4xx_hal_flash.o ABSOLUTE
    ..\Drivers\STM32F4xx_HAL_Driver\Src\stm32f4xx_hal_flash_ex.c 0x00000000   Number         0  stm32f4xx_hal_flash_ex.o ABSOLUTE
    ..\Drivers\STM32F4xx_HAL_Driver\Src\stm32f4xx_hal_flash_ramfunc.c 0x00000000   Number         0  stm32f4xx_hal_flash_ramfunc.o ABSOLUTE
    ..\Drivers\STM32F4xx_HAL_Driver\Src\stm32f4xx_hal_gpio.c 0x00000000   Number         0  stm32f4xx_hal_gpio.o ABSOLUTE
    ..\Drivers\STM32F4xx_HAL_Driver\Src\stm32f4xx_hal_pwr.c 0x00000000   Number         0  stm32f4xx_hal_pwr.o ABSOLUTE
    ..\Drivers\STM32F4xx_HAL_Driver\Src\stm32f4xx_hal_pwr_ex.c 0x00000000   Number         0  stm32f4xx_hal_pwr_ex.o ABSOLUTE
    ..\Drivers\STM32F4xx_HAL_Driver\Src\stm32f4xx_hal_rcc.c 0x00000000   Number         0  stm32f4xx_hal_rcc.o ABSOLUTE
    ..\Drivers\STM32F4xx_HAL_Driver\Src\stm32f4xx_hal_rcc_ex.c 0x00000000   Number         0  stm32f4xx_hal_rcc_ex.o ABSOLUTE
    ..\Drivers\STM32F4xx_HAL_Driver\Src\stm32f4xx_hal_tim.c 0x00000000   Number         0  stm32f4xx_hal_tim.o ABSOLUTE
    ..\Drivers\STM32F4xx_HAL_Driver\Src\stm32f4xx_hal_tim_ex.c 0x00000000   Number         0  stm32f4xx_hal_tim_ex.o ABSOLUTE
    ..\Src\can.c                             0x00000000   Number         0  can.o ABSOLUTE
    ..\Src\gpio.c                            0x00000000   Number         0  gpio.o ABSOLUTE
    ..\Src\main.c                            0x00000000   Number         0  main.o ABSOLUTE
    ..\Src\stm32f4xx_hal_msp.c               0x00000000   Number         0  stm32f4xx_hal_msp.o ABSOLUTE
    ..\Src\stm32f4xx_it.c                    0x00000000   Number         0  stm32f4xx_it.o ABSOLUTE
    ..\Src\system_stm32f4xx.c                0x00000000   Number         0  system_stm32f4xx.o ABSOLUTE
    dc.s                                     0x00000000   Number         0  dc.o ABSOLUTE
    startup_stm32f427xx.s                    0x00000000   Number         0  startup_stm32f427xx.o ABSOLUTE
    RESET                                    0x08000000   Section      428  startup_stm32f427xx.o(RESET)
    !!!main                                  0x080001ac   Section        8  __main.o(!!!main)
    !!!scatter                               0x080001b4   Section       52  __scatter.o(!!!scatter)
    !!handler_copy                           0x080001e8   Section       26  __scatter_copy.o(!!handler_copy)
    !!handler_zi                             0x08000204   Section       28  __scatter_zi.o(!!handler_zi)
    .ARM.Collect$$libinit$$00000000          0x08000220   Section        2  libinit.o(.ARM.Collect$$libinit$$00000000)
    .ARM.Collect$$libinit$$00000001          0x08000222   Section        4  libinit2.o(.ARM.Collect$$libinit$$00000001)
    .ARM.Collect$$libinit$$00000004          0x08000226   Section        0  libinit2.o(.ARM.Collect$$libinit$$00000004)
    .ARM.Collect$$libinit$$0000000A          0x08000226   Section        0  libinit2.o(.ARM.Collect$$libinit$$0000000A)
    .ARM.Collect$$libinit$$0000000C          0x08000226   Section        0  libinit2.o(.ARM.Collect$$libinit$$0000000C)
    .ARM.Collect$$libinit$$0000000E          0x08000226   Section        0  libinit2.o(.ARM.Collect$$libinit$$0000000E)
    .ARM.Collect$$libinit$$00000011          0x08000226   Section        0  libinit2.o(.ARM.Collect$$libinit$$00000011)
    .ARM.Collect$$libinit$$00000013          0x08000226   Section        0  libinit2.o(.ARM.Collect$$libinit$$00000013)
    .ARM.Collect$$libinit$$00000015          0x08000226   Section        0  libinit2.o(.ARM.Collect$$libinit$$00000015)
    .ARM.Collect$$libinit$$00000017          0x08000226   Section        0  libinit2.o(.ARM.Collect$$libinit$$00000017)
    .ARM.Collect$$libinit$$00000019          0x08000226   Section        0  libinit2.o(.ARM.Collect$$libinit$$00000019)
    .ARM.Collect$$libinit$$0000001B          0x08000226   Section        0  libinit2.o(.ARM.Collect$$libinit$$0000001B)
    .ARM.Collect$$libinit$$0000001D          0x08000226   Section        0  libinit2.o(.ARM.Collect$$libinit$$0000001D)
    .ARM.Collect$$libinit$$0000001F          0x08000226   Section        0  libinit2.o(.ARM.Collect$$libinit$$0000001F)
    .ARM.Collect$$libinit$$00000021          0x08000226   Section        0  libinit2.o(.ARM.Collect$$libinit$$00000021)
    .ARM.Collect$$libinit$$00000023          0x08000226   Section        0  libinit2.o(.ARM.Collect$$libinit$$00000023)
    .ARM.Collect$$libinit$$00000025          0x08000226   Section        0  libinit2.o(.ARM.Collect$$libinit$$00000025)
    .ARM.Collect$$libinit$$0000002C          0x08000226   Section        0  libinit2.o(.ARM.Collect$$libinit$$0000002C)
    .ARM.Collect$$libinit$$0000002E          0x08000226   Section        0  libinit2.o(.ARM.Collect$$libinit$$0000002E)
    .ARM.Collect$$libinit$$00000030          0x08000226   Section        0  libinit2.o(.ARM.Collect$$libinit$$00000030)
    .ARM.Collect$$libinit$$00000032          0x08000226   Section        0  libinit2.o(.ARM.Collect$$libinit$$00000032)
    .ARM.Collect$$libinit$$00000033          0x08000226   Section        2  libinit2.o(.ARM.Collect$$libinit$$00000033)
    .ARM.Collect$$libshutdown$$00000000      0x08000228   Section        2  libshutdown.o(.ARM.Collect$$libshutdown$$00000000)
    .ARM.Collect$$libshutdown$$00000002      0x0800022a   Section        0  libshutdown2.o(.ARM.Collect$$libshutdown$$00000002)
    .ARM.Collect$$libshutdown$$00000004      0x0800022a   Section        0  libshutdown2.o(.ARM.Collect$$libshutdown$$00000004)
    .ARM.Collect$$libshutdown$$00000006      0x0800022a   Section        0  libshutdown2.o(.ARM.Collect$$libshutdown$$00000006)
    .ARM.Collect$$libshutdown$$00000009      0x0800022a   Section        0  libshutdown2.o(.ARM.Collect$$libshutdown$$00000009)
    .ARM.Collect$$libshutdown$$0000000C      0x0800022a   Section        0  libshutdown2.o(.ARM.Collect$$libshutdown$$0000000C)
    .ARM.Collect$$libshutdown$$0000000E      0x0800022a   Section        0  libshutdown2.o(.ARM.Collect$$libshutdown$$0000000E)
    .ARM.Collect$$libshutdown$$00000011      0x0800022a   Section        0  libshutdown2.o(.ARM.Collect$$libshutdown$$00000011)
    .ARM.Collect$$libshutdown$$00000012      0x0800022a   Section        2  libshutdown2.o(.ARM.Collect$$libshutdown$$00000012)
    .ARM.Collect$$rtentry$$00000000          0x0800022c   Section        0  __rtentry.o(.ARM.Collect$$rtentry$$00000000)
    .ARM.Collect$$rtentry$$00000002          0x0800022c   Section        0  __rtentry2.o(.ARM.Collect$$rtentry$$00000002)
    .ARM.Collect$$rtentry$$00000004          0x0800022c   Section        6  __rtentry4.o(.ARM.Collect$$rtentry$$00000004)
    .ARM.Collect$$rtentry$$00000009          0x08000232   Section        0  __rtentry2.o(.ARM.Collect$$rtentry$$00000009)
    .ARM.Collect$$rtentry$$0000000A          0x08000232   Section        4  __rtentry2.o(.ARM.Collect$$rtentry$$0000000A)
    .ARM.Collect$$rtentry$$0000000C          0x08000236   Section        0  __rtentry2.o(.ARM.Collect$$rtentry$$0000000C)
    .ARM.Collect$$rtentry$$0000000D          0x08000236   Section        8  __rtentry2.o(.ARM.Collect$$rtentry$$0000000D)
    .ARM.Collect$$rtexit$$00000000           0x0800023e   Section        2  rtexit.o(.ARM.Collect$$rtexit$$00000000)
    .ARM.Collect$$rtexit$$00000002           0x08000240   Section        0  rtexit2.o(.ARM.Collect$$rtexit$$00000002)
    .ARM.Collect$$rtexit$$00000003           0x08000240   Section        4  rtexit2.o(.ARM.Collect$$rtexit$$00000003)
    .ARM.Collect$$rtexit$$00000004           0x08000244   Section        6  rtexit2.o(.ARM.Collect$$rtexit$$00000004)
    .text                                    0x0800024c   Section       64  startup_stm32f427xx.o(.text)
    $v0                                      0x0800024c   Number         0  startup_stm32f427xx.o(.text)
    .text                                    0x0800028c   Section      238  lludivv7m.o(.text)
    .text                                    0x0800037c   Section        0  assert.o(.text)
    .text                                    0x080003fc   Section       78  rt_memclr_w.o(.text)
    .text                                    0x0800044a   Section        0  heapauxi.o(.text)
    .text                                    0x08000450   Section        0  abort.o(.text)
    .text                                    0x08000466   Section        0  assert_puts.o(.text)
    .text                                    0x0800047a   Section        0  sys_wrch.o(.text)
    .text                                    0x08000488   Section        0  sys_exit.o(.text)
    .text                                    0x08000494   Section        0  defsig_abrt_outer.o(.text)
    .text                                    0x080004a2   Section        2  use_no_semi.o(.text)
    .text                                    0x080004a4   Section       74  sys_stackheap_outer.o(.text)
    .text                                    0x080004a4   Section        0  indicate_semi.o(.text)
    .text                                    0x080004ee   Section        0  exit.o(.text)
    .text                                    0x08000500   Section        0  defsig_exit.o(.text)
    .text                                    0x0800050c   Section        0  defsig_abrt_inner.o(.text)
    .text                                    0x0800053c   Section        8  libspace.o(.text)
    .text                                    0x08000544   Section        0  defsig_general.o(.text)
    i.BusFault_Handler                       0x08000576   Section        0  stm32f4xx_it.o(i.BusFault_Handler)
    i.CAN1_RX0_IRQHandler                    0x0800057c   Section        0  stm32f4xx_it.o(i.CAN1_RX0_IRQHandler)
    i.DebugMon_Handler                       0x0800058c   Section        0  stm32f4xx_it.o(i.DebugMon_Handler)
    i.EXTI2_IRQHandler                       0x0800058e   Section        0  stm32f4xx_it.o(i.EXTI2_IRQHandler)
    i.Error_Handler                          0x08000598   Section        0  main.o(i.Error_Handler)
    i.Get_Motor_Information                  0x080005a0   Section        0  main.o(i.Get_Motor_Information)
    i.HAL_CAN_ActivateNotification           0x08000624   Section        0  stm32f4xx_hal_can.o(i.HAL_CAN_ActivateNotification)
    i.HAL_CAN_AddTxMessage                   0x0800064e   Section        0  stm32f4xx_hal_can.o(i.HAL_CAN_AddTxMessage)
    i.HAL_CAN_ConfigFilter                   0x080007a4   Section        0  stm32f4xx_hal_can.o(i.HAL_CAN_ConfigFilter)
    i.HAL_CAN_ErrorCallback                  0x080008c8   Section        0  stm32f4xx_hal_can.o(i.HAL_CAN_ErrorCallback)
    i.HAL_CAN_GetRxMessage                   0x080008ca   Section        0  stm32f4xx_hal_can.o(i.HAL_CAN_GetRxMessage)
    i.HAL_CAN_IRQHandler                     0x08000a44   Section        0  stm32f4xx_hal_can.o(i.HAL_CAN_IRQHandler)
    i.HAL_CAN_Init                           0x08000c92   Section        0  stm32f4xx_hal_can.o(i.HAL_CAN_Init)
    i.HAL_CAN_MspInit                        0x08000e08   Section        0  can.o(i.HAL_CAN_MspInit)
    i.HAL_CAN_RxFifo0FullCallback            0x08000ea0   Section        0  stm32f4xx_hal_can.o(i.HAL_CAN_RxFifo0FullCallback)
    i.HAL_CAN_RxFifo0MsgPendingCallback      0x08000ea4   Section        0  main.o(i.HAL_CAN_RxFifo0MsgPendingCallback)
    i.HAL_CAN_RxFifo1FullCallback            0x080010e4   Section        0  stm32f4xx_hal_can.o(i.HAL_CAN_RxFifo1FullCallback)
    i.HAL_CAN_RxFifo1MsgPendingCallback      0x080010e6   Section        0  stm32f4xx_hal_can.o(i.HAL_CAN_RxFifo1MsgPendingCallback)
    i.HAL_CAN_SleepCallback                  0x080010e8   Section        0  stm32f4xx_hal_can.o(i.HAL_CAN_SleepCallback)
    i.HAL_CAN_Start                          0x080010ea   Section        0  stm32f4xx_hal_can.o(i.HAL_CAN_Start)
    i.HAL_CAN_TxMailbox0AbortCallback        0x08001148   Section        0  stm32f4xx_hal_can.o(i.HAL_CAN_TxMailbox0AbortCallback)
    i.HAL_CAN_TxMailbox0CompleteCallback     0x0800114a   Section        0  stm32f4xx_hal_can.o(i.HAL_CAN_TxMailbox0CompleteCallback)
    i.HAL_CAN_TxMailbox1AbortCallback        0x0800114c   Section        0  stm32f4xx_hal_can.o(i.HAL_CAN_TxMailbox1AbortCallback)
    i.HAL_CAN_TxMailbox1CompleteCallback     0x0800114e   Section        0  stm32f4xx_hal_can.o(i.HAL_CAN_TxMailbox1CompleteCallback)
    i.HAL_CAN_TxMailbox2AbortCallback        0x08001150   Section        0  stm32f4xx_hal_can.o(i.HAL_CAN_TxMailbox2AbortCallback)
    i.HAL_CAN_TxMailbox2CompleteCallback     0x08001152   Section        0  stm32f4xx_hal_can.o(i.HAL_CAN_TxMailbox2CompleteCallback)
    i.HAL_CAN_WakeUpFromRxMsgCallback        0x08001154   Section        0  stm32f4xx_hal_can.o(i.HAL_CAN_WakeUpFromRxMsgCallback)
    i.HAL_GPIO_EXTI_Callback                 0x08001158   Section        0  main.o(i.HAL_GPIO_EXTI_Callback)
    i.HAL_GPIO_EXTI_IRQHandler               0x08001170   Section        0  stm32f4xx_hal_gpio.o(i.HAL_GPIO_EXTI_IRQHandler)
    i.HAL_GPIO_Init                          0x0800118c   Section        0  stm32f4xx_hal_gpio.o(i.HAL_GPIO_Init)
    i.HAL_GPIO_WritePin                      0x0800139c   Section        0  stm32f4xx_hal_gpio.o(i.HAL_GPIO_WritePin)
    i.HAL_GetTick                            0x080013a8   Section        0  stm32f4xx_hal.o(i.HAL_GetTick)
    i.HAL_IncTick                            0x080013b4   Section        0  stm32f4xx_hal.o(i.HAL_IncTick)
    i.HAL_Init                               0x080013cc   Section        0  stm32f4xx_hal.o(i.HAL_Init)
    i.HAL_InitTick                           0x08001408   Section        0  stm32f4xx_hal.o(i.HAL_InitTick)
    i.HAL_MspInit                            0x08001454   Section        0  stm32f4xx_hal_msp.o(i.HAL_MspInit)
    i.HAL_NVIC_EnableIRQ                     0x0800149c   Section        0  stm32f4xx_hal_cortex.o(i.HAL_NVIC_EnableIRQ)
    i.HAL_NVIC_SetPriority                   0x080014bc   Section        0  stm32f4xx_hal_cortex.o(i.HAL_NVIC_SetPriority)
    i.HAL_NVIC_SetPriorityGrouping           0x08001538   Section        0  stm32f4xx_hal_cortex.o(i.HAL_NVIC_SetPriorityGrouping)
    i.HAL_PWREx_EnableOverDrive              0x08001560   Section        0  stm32f4xx_hal_pwr_ex.o(i.HAL_PWREx_EnableOverDrive)
    i.HAL_RCC_ClockConfig                    0x080015ec   Section        0  stm32f4xx_hal_rcc.o(i.HAL_RCC_ClockConfig)
    i.HAL_RCC_GetSysClockFreq                0x08001770   Section        0  stm32f4xx_hal_rcc.o(i.HAL_RCC_GetSysClockFreq)
    i.HAL_RCC_OscConfig                      0x08001820   Section        0  stm32f4xx_hal_rcc.o(i.HAL_RCC_OscConfig)
    i.HAL_SYSTICK_Config                     0x08001cbc   Section        0  stm32f4xx_hal_cortex.o(i.HAL_SYSTICK_Config)
    i.HardFault_Handler                      0x08001cf0   Section        0  stm32f4xx_it.o(i.HardFault_Handler)
    i.MX_CAN1_Init                           0x08001cf4   Section        0  can.o(i.MX_CAN1_Init)
    i.MX_GPIO_Init                           0x08001d70   Section        0  gpio.o(i.MX_GPIO_Init)
    i.MemManage_Handler                      0x08001eac   Section        0  stm32f4xx_it.o(i.MemManage_Handler)
    i.NMI_Handler                            0x08001eb0   Section        0  stm32f4xx_it.o(i.NMI_Handler)
    i.PendSV_Handler                         0x08001eb4   Section        0  stm32f4xx_it.o(i.PendSV_Handler)
    i.SVC_Handler                            0x08001eb6   Section        0  stm32f4xx_it.o(i.SVC_Handler)
    i.SysTick_Handler                        0x08001eb8   Section        0  stm32f4xx_it.o(i.SysTick_Handler)
    i.SystemClock_Config                     0x08001ec0   Section        0  main.o(i.SystemClock_Config)
    i.SystemInit                             0x08001f7c   Section        0  system_stm32f4xx.o(i.SystemInit)
    i.UsageFault_Handler                     0x08001f90   Section        0  stm32f4xx_it.o(i.UsageFault_Handler)
    i.__NVIC_GetPriorityGrouping             0x08001f94   Section        0  stm32f4xx_hal_cortex.o(i.__NVIC_GetPriorityGrouping)
    __NVIC_GetPriorityGrouping               0x08001f95   Thumb Code    10  stm32f4xx_hal_cortex.o(i.__NVIC_GetPriorityGrouping)
    i.__NVIC_SetPriority                     0x08001fa4   Section        0  stm32f4xx_hal_cortex.o(i.__NVIC_SetPriority)
    __NVIC_SetPriority                       0x08001fa5   Thumb Code    32  stm32f4xx_hal_cortex.o(i.__NVIC_SetPriority)
    i.can_send_data                          0x08001fcc   Section        0  can.o(i.can_send_data)
    i.main                                   0x080020bc   Section        0  main.o(i.main)
    x$fpl$fpinit                             0x080020d0   Section       10  fpinit.o(x$fpl$fpinit)
    $v0                                      0x080020d0   Number         0  fpinit.o(x$fpl$fpinit)
    .constdata                               0x080020da   Section       24  system_stm32f4xx.o(.constdata)
    .data                                    0x20000000   Section       12  main.o(.data)
    .data                                    0x2000000c   Section        9  stm32f4xx_hal.o(.data)
    .data                                    0x20000018   Section        4  system_stm32f4xx.o(.data)
    .bss                                     0x2000001c   Section      188  main.o(.bss)
    .bss                                     0x200000d8   Section       64  can.o(.bss)
    .bss                                     0x20000118   Section       96  libspace.o(.bss)
    HEAP                                     0x20000178   Section      512  startup_stm32f427xx.o(HEAP)
    Heap_Mem                                 0x20000178   Data         512  startup_stm32f427xx.o(HEAP)
    STACK                                    0x20000378   Section     1024  startup_stm32f427xx.o(STACK)
    Stack_Mem                                0x20000378   Data        1024  startup_stm32f427xx.o(STACK)
    __initial_sp                             0x20000778   Data           0  startup_stm32f427xx.o(STACK)

    Global Symbols

    Symbol Name                              Value     Ov Type        Size  Object(Section)

    BuildAttributes$$THM_ISAv4$E$P$D$K$B$S$7EM$VFPi3$EXTD16$VFPS$VFMA$PE$A:L22UL41UL21$X:L11$S22US41US21$IEEE1$IW$USESV6$~STKCKD$USESV7$~SHL$OSPACE$ROPI$EBA8$UX$STANDARDLIB$REQ8$PRES8$EABIv2 0x00000000   Number         0  anon$$obj.o ABSOLUTE
    __ARM_use_no_argv                        0x00000000   Number         0  main.o ABSOLUTE
    __ARM_exceptions_init                     - Undefined Weak Reference
    __alloca_initialize                       - Undefined Weak Reference
    __arm_fini_                               - Undefined Weak Reference
    __arm_preinit_                            - Undefined Weak Reference
    __cpp_initialize__aeabi_                  - Undefined Weak Reference
    __cxa_finalize                            - Undefined Weak Reference
    __rt_locale                               - Undefined Weak Reference
    __sigvec_lookup                           - Undefined Weak Reference
    _atexit_init                              - Undefined Weak Reference
    _call_atexit_fns                          - Undefined Weak Reference
    _clock_init                               - Undefined Weak Reference
    _fp_trap_init                             - Undefined Weak Reference
    _fp_trap_shutdown                         - Undefined Weak Reference
    _get_lc_collate                           - Undefined Weak Reference
    _get_lc_ctype                             - Undefined Weak Reference
    _get_lc_monetary                          - Undefined Weak Reference
    _get_lc_numeric                           - Undefined Weak Reference
    _get_lc_time                              - Undefined Weak Reference
    _getenv_init                              - Undefined Weak Reference
    _handle_redirection                       - Undefined Weak Reference
    _init_alloc                               - Undefined Weak Reference
    _init_user_alloc                          - Undefined Weak Reference
    _initio                                   - Undefined Weak Reference
    _rand_init                                - Undefined Weak Reference
    _signal_finish                            - Undefined Weak Reference
    _signal_init                              - Undefined Weak Reference
    _terminate_alloc                          - Undefined Weak Reference
    _terminate_user_alloc                     - Undefined Weak Reference
    _terminateio                              - Undefined Weak Reference
    __Vectors_Size                           0x000001ac   Number         0  startup_stm32f427xx.o ABSOLUTE
    __Vectors                                0x08000000   Data           4  startup_stm32f427xx.o(RESET)
    __Vectors_End                            0x080001ac   Data           0  startup_stm32f427xx.o(RESET)
    __main                                   0x080001ad   Thumb Code     8  __main.o(!!!main)
    __scatterload                            0x080001b5   Thumb Code     0  __scatter.o(!!!scatter)
    __scatterload_rt2                        0x080001b5   Thumb Code    44  __scatter.o(!!!scatter)
    __scatterload_rt2_thumb_only             0x080001b5   Thumb Code     0  __scatter.o(!!!scatter)
    __scatterload_null                       0x080001c3   Thumb Code     0  __scatter.o(!!!scatter)
    __scatterload_copy                       0x080001e9   Thumb Code    26  __scatter_copy.o(!!handler_copy)
    __scatterload_zeroinit                   0x08000205   Thumb Code    28  __scatter_zi.o(!!handler_zi)
    __rt_lib_init                            0x08000221   Thumb Code     0  libinit.o(.ARM.Collect$$libinit$$00000000)
    __rt_lib_init_fp_1                       0x08000223   Thumb Code     0  libinit2.o(.ARM.Collect$$libinit$$00000001)
    __rt_lib_init_alloca_1                   0x08000227   Thumb Code     0  libinit2.o(.ARM.Collect$$libinit$$0000002E)
    __rt_lib_init_argv_1                     0x08000227   Thumb Code     0  libinit2.o(.ARM.Collect$$libinit$$0000002C)
    __rt_lib_init_atexit_1                   0x08000227   Thumb Code     0  libinit2.o(.ARM.Collect$$libinit$$0000001B)
    __rt_lib_init_clock_1                    0x08000227   Thumb Code     0  libinit2.o(.ARM.Collect$$libinit$$00000021)
    __rt_lib_init_cpp_1                      0x08000227   Thumb Code     0  libinit2.o(.ARM.Collect$$libinit$$00000032)
    __rt_lib_init_exceptions_1               0x08000227   Thumb Code     0  libinit2.o(.ARM.Collect$$libinit$$00000030)
    __rt_lib_init_fp_trap_1                  0x08000227   Thumb Code     0  libinit2.o(.ARM.Collect$$libinit$$0000001F)
    __rt_lib_init_getenv_1                   0x08000227   Thumb Code     0  libinit2.o(.ARM.Collect$$libinit$$00000023)
    __rt_lib_init_heap_1                     0x08000227   Thumb Code     0  libinit2.o(.ARM.Collect$$libinit$$0000000A)
    __rt_lib_init_lc_collate_1               0x08000227   Thumb Code     0  libinit2.o(.ARM.Collect$$libinit$$00000011)
    __rt_lib_init_lc_ctype_1                 0x08000227   Thumb Code     0  libinit2.o(.ARM.Collect$$libinit$$00000013)
    __rt_lib_init_lc_monetary_1              0x08000227   Thumb Code     0  libinit2.o(.ARM.Collect$$libinit$$00000015)
    __rt_lib_init_lc_numeric_1               0x08000227   Thumb Code     0  libinit2.o(.ARM.Collect$$libinit$$00000017)
    __rt_lib_init_lc_time_1                  0x08000227   Thumb Code     0  libinit2.o(.ARM.Collect$$libinit$$00000019)
    __rt_lib_init_preinit_1                  0x08000227   Thumb Code     0  libinit2.o(.ARM.Collect$$libinit$$00000004)
    __rt_lib_init_rand_1                     0x08000227   Thumb Code     0  libinit2.o(.ARM.Collect$$libinit$$0000000E)
    __rt_lib_init_return                     0x08000227   Thumb Code     0  libinit2.o(.ARM.Collect$$libinit$$00000033)
    __rt_lib_init_signal_1                   0x08000227   Thumb Code     0  libinit2.o(.ARM.Collect$$libinit$$0000001D)
    __rt_lib_init_stdio_1                    0x08000227   Thumb Code     0  libinit2.o(.ARM.Collect$$libinit$$00000025)
    __rt_lib_init_user_alloc_1               0x08000227   Thumb Code     0  libinit2.o(.ARM.Collect$$libinit$$0000000C)
    __rt_lib_shutdown                        0x08000229   Thumb Code     0  libshutdown.o(.ARM.Collect$$libshutdown$$00000000)
    __rt_lib_shutdown_cpp_1                  0x0800022b   Thumb Code     0  libshutdown2.o(.ARM.Collect$$libshutdown$$00000004)
    __rt_lib_shutdown_fini_1                 0x0800022b   Thumb Code     0  libshutdown2.o(.ARM.Collect$$libshutdown$$00000002)
    __rt_lib_shutdown_fp_trap_1              0x0800022b   Thumb Code     0  libshutdown2.o(.ARM.Collect$$libshutdown$$00000009)
    __rt_lib_shutdown_heap_1                 0x0800022b   Thumb Code     0  libshutdown2.o(.ARM.Collect$$libshutdown$$00000011)
    __rt_lib_shutdown_return                 0x0800022b   Thumb Code     0  libshutdown2.o(.ARM.Collect$$libshutdown$$00000012)
    __rt_lib_shutdown_signal_1               0x0800022b   Thumb Code     0  libshutdown2.o(.ARM.Collect$$libshutdown$$0000000C)
    __rt_lib_shutdown_stdio_1                0x0800022b   Thumb Code     0  libshutdown2.o(.ARM.Collect$$libshutdown$$00000006)
    __rt_lib_shutdown_user_alloc_1           0x0800022b   Thumb Code     0  libshutdown2.o(.ARM.Collect$$libshutdown$$0000000E)
    __rt_entry                               0x0800022d   Thumb Code     0  __rtentry.o(.ARM.Collect$$rtentry$$00000000)
    __rt_entry_presh_1                       0x0800022d   Thumb Code     0  __rtentry2.o(.ARM.Collect$$rtentry$$00000002)
    __rt_entry_sh                            0x0800022d   Thumb Code     0  __rtentry4.o(.ARM.Collect$$rtentry$$00000004)
    __rt_entry_li                            0x08000233   Thumb Code     0  __rtentry2.o(.ARM.Collect$$rtentry$$0000000A)
    __rt_entry_postsh_1                      0x08000233   Thumb Code     0  __rtentry2.o(.ARM.Collect$$rtentry$$00000009)
    __rt_entry_main                          0x08000237   Thumb Code     0  __rtentry2.o(.ARM.Collect$$rtentry$$0000000D)
    __rt_entry_postli_1                      0x08000237   Thumb Code     0  __rtentry2.o(.ARM.Collect$$rtentry$$0000000C)
    __rt_exit                                0x0800023f   Thumb Code     0  rtexit.o(.ARM.Collect$$rtexit$$00000000)
    __rt_exit_ls                             0x08000241   Thumb Code     0  rtexit2.o(.ARM.Collect$$rtexit$$00000003)
    __rt_exit_prels_1                        0x08000241   Thumb Code     0  rtexit2.o(.ARM.Collect$$rtexit$$00000002)
    __rt_exit_exit                           0x08000245   Thumb Code     0  rtexit2.o(.ARM.Collect$$rtexit$$00000004)
    Reset_Handler                            0x0800024d   Thumb Code     8  startup_stm32f427xx.o(.text)
    ADC_IRQHandler                           0x08000267   Thumb Code     0  startup_stm32f427xx.o(.text)
    CAN1_RX1_IRQHandler                      0x08000267   Thumb Code     0  startup_stm32f427xx.o(.text)
    CAN1_SCE_IRQHandler                      0x08000267   Thumb Code     0  startup_stm32f427xx.o(.text)
    CAN1_TX_IRQHandler                       0x08000267   Thumb Code     0  startup_stm32f427xx.o(.text)
    CAN2_RX0_IRQHandler                      0x08000267   Thumb Code     0  startup_stm32f427xx.o(.text)
    CAN2_RX1_IRQHandler                      0x08000267   Thumb Code     0  startup_stm32f427xx.o(.text)
    CAN2_SCE_IRQHandler                      0x08000267   Thumb Code     0  startup_stm32f427xx.o(.text)
    CAN2_TX_IRQHandler                       0x08000267   Thumb Code     0  startup_stm32f427xx.o(.text)
    DCMI_IRQHandler                          0x08000267   Thumb Code     0  startup_stm32f427xx.o(.text)
    DMA1_Stream0_IRQHandler                  0x08000267   Thumb Code     0  startup_stm32f427xx.o(.text)
    DMA1_Stream1_IRQHandler                  0x08000267   Thumb Code     0  startup_stm32f427xx.o(.text)
    DMA1_Stream2_IRQHandler                  0x08000267   Thumb Code     0  startup_stm32f427xx.o(.text)
    DMA1_Stream3_IRQHandler                  0x08000267   Thumb Code     0  startup_stm32f427xx.o(.text)
    DMA1_Stream4_IRQHandler                  0x08000267   Thumb Code     0  startup_stm32f427xx.o(.text)
    DMA1_Stream5_IRQHandler                  0x08000267   Thumb Code     0  startup_stm32f427xx.o(.text)
    DMA1_Stream6_IRQHandler                  0x08000267   Thumb Code     0  startup_stm32f427xx.o(.text)
    DMA1_Stream7_IRQHandler                  0x08000267   Thumb Code     0  startup_stm32f427xx.o(.text)
    DMA2D_IRQHandler                         0x08000267   Thumb Code     0  startup_stm32f427xx.o(.text)
    DMA2_Stream0_IRQHandler                  0x08000267   Thumb Code     0  startup_stm32f427xx.o(.text)
    DMA2_Stream1_IRQHandler                  0x08000267   Thumb Code     0  startup_stm32f427xx.o(.text)
    DMA2_Stream2_IRQHandler                  0x08000267   Thumb Code     0  startup_stm32f427xx.o(.text)
    DMA2_Stream3_IRQHandler                  0x08000267   Thumb Code     0  startup_stm32f427xx.o(.text)
    DMA2_Stream4_IRQHandler                  0x08000267   Thumb Code     0  startup_stm32f427xx.o(.text)
    DMA2_Stream5_IRQHandler                  0x08000267   Thumb Code     0  startup_stm32f427xx.o(.text)
    DMA2_Stream6_IRQHandler                  0x08000267   Thumb Code     0  startup_stm32f427xx.o(.text)
    DMA2_Stream7_IRQHandler                  0x08000267   Thumb Code     0  startup_stm32f427xx.o(.text)
    ETH_IRQHandler                           0x08000267   Thumb Code     0  startup_stm32f427xx.o(.text)
    ETH_WKUP_IRQHandler                      0x08000267   Thumb Code     0  startup_stm32f427xx.o(.text)
    EXTI0_IRQHandler                         0x08000267   Thumb Code     0  startup_stm32f427xx.o(.text)
    EXTI15_10_IRQHandler                     0x08000267   Thumb Code     0  startup_stm32f427xx.o(.text)
    EXTI1_IRQHandler                         0x08000267   Thumb Code     0  startup_stm32f427xx.o(.text)
    EXTI3_IRQHandler                         0x08000267   Thumb Code     0  startup_stm32f427xx.o(.text)
    EXTI4_IRQHandler                         0x08000267   Thumb Code     0  startup_stm32f427xx.o(.text)
    EXTI9_5_IRQHandler                       0x08000267   Thumb Code     0  startup_stm32f427xx.o(.text)
    FLASH_IRQHandler                         0x08000267   Thumb Code     0  startup_stm32f427xx.o(.text)
    FMC_IRQHandler                           0x08000267   Thumb Code     0  startup_stm32f427xx.o(.text)
    FPU_IRQHandler                           0x08000267   Thumb Code     0  startup_stm32f427xx.o(.text)
    HASH_RNG_IRQHandler                      0x08000267   Thumb Code     0  startup_stm32f427xx.o(.text)
    I2C1_ER_IRQHandler                       0x08000267   Thumb Code     0  startup_stm32f427xx.o(.text)
    I2C1_EV_IRQHandler                       0x08000267   Thumb Code     0  startup_stm32f427xx.o(.text)
    I2C2_ER_IRQHandler                       0x08000267   Thumb Code     0  startup_stm32f427xx.o(.text)
    I2C2_EV_IRQHandler                       0x08000267   Thumb Code     0  startup_stm32f427xx.o(.text)
    I2C3_ER_IRQHandler                       0x08000267   Thumb Code     0  startup_stm32f427xx.o(.text)
    I2C3_EV_IRQHandler                       0x08000267   Thumb Code     0  startup_stm32f427xx.o(.text)
    OTG_FS_IRQHandler                        0x08000267   Thumb Code     0  startup_stm32f427xx.o(.text)
    OTG_FS_WKUP_IRQHandler                   0x08000267   Thumb Code     0  startup_stm32f427xx.o(.text)
    OTG_HS_EP1_IN_IRQHandler                 0x08000267   Thumb Code     0  startup_stm32f427xx.o(.text)
    OTG_HS_EP1_OUT_IRQHandler                0x08000267   Thumb Code     0  startup_stm32f427xx.o(.text)
    OTG_HS_IRQHandler                        0x08000267   Thumb Code     0  startup_stm32f427xx.o(.text)
    OTG_HS_WKUP_IRQHandler                   0x08000267   Thumb Code     0  startup_stm32f427xx.o(.text)
    PVD_IRQHandler                           0x08000267   Thumb Code     0  startup_stm32f427xx.o(.text)
    RCC_IRQHandler                           0x08000267   Thumb Code     0  startup_stm32f427xx.o(.text)
    RTC_Alarm_IRQHandler                     0x08000267   Thumb Code     0  startup_stm32f427xx.o(.text)
    RTC_WKUP_IRQHandler                      0x08000267   Thumb Code     0  startup_stm32f427xx.o(.text)
    SAI1_IRQHandler                          0x08000267   Thumb Code     0  startup_stm32f427xx.o(.text)
    SDIO_IRQHandler                          0x08000267   Thumb Code     0  startup_stm32f427xx.o(.text)
    SPI1_IRQHandler                          0x08000267   Thumb Code     0  startup_stm32f427xx.o(.text)
    SPI2_IRQHandler                          0x08000267   Thumb Code     0  startup_stm32f427xx.o(.text)
    SPI3_IRQHandler                          0x08000267   Thumb Code     0  startup_stm32f427xx.o(.text)
    SPI4_IRQHandler                          0x08000267   Thumb Code     0  startup_stm32f427xx.o(.text)
    SPI5_IRQHandler                          0x08000267   Thumb Code     0  startup_stm32f427xx.o(.text)
    SPI6_IRQHandler                          0x08000267   Thumb Code     0  startup_stm32f427xx.o(.text)
    TAMP_STAMP_IRQHandler                    0x08000267   Thumb Code     0  startup_stm32f427xx.o(.text)
    TIM1_BRK_TIM9_IRQHandler                 0x08000267   Thumb Code     0  startup_stm32f427xx.o(.text)
    TIM1_CC_IRQHandler                       0x08000267   Thumb Code     0  startup_stm32f427xx.o(.text)
    TIM1_TRG_COM_TIM11_IRQHandler            0x08000267   Thumb Code     0  startup_stm32f427xx.o(.text)
    TIM1_UP_TIM10_IRQHandler                 0x08000267   Thumb Code     0  startup_stm32f427xx.o(.text)
    TIM2_IRQHandler                          0x08000267   Thumb Code     0  startup_stm32f427xx.o(.text)
    TIM3_IRQHandler                          0x08000267   Thumb Code     0  startup_stm32f427xx.o(.text)
    TIM4_IRQHandler                          0x08000267   Thumb Code     0  startup_stm32f427xx.o(.text)
    TIM5_IRQHandler                          0x08000267   Thumb Code     0  startup_stm32f427xx.o(.text)
    TIM6_DAC_IRQHandler                      0x08000267   Thumb Code     0  startup_stm32f427xx.o(.text)
    TIM7_IRQHandler                          0x08000267   Thumb Code     0  startup_stm32f427xx.o(.text)
    TIM8_BRK_TIM12_IRQHandler                0x08000267   Thumb Code     0  startup_stm32f427xx.o(.text)
    TIM8_CC_IRQHandler                       0x08000267   Thumb Code     0  startup_stm32f427xx.o(.text)
    TIM8_TRG_COM_TIM14_IRQHandler            0x08000267   Thumb Code     0  startup_stm32f427xx.o(.text)
    TIM8_UP_TIM13_IRQHandler                 0x08000267   Thumb Code     0  startup_stm32f427xx.o(.text)
    UART4_IRQHandler                         0x08000267   Thumb Code     0  startup_stm32f427xx.o(.text)
    UART5_IRQHandler                         0x08000267   Thumb Code     0  startup_stm32f427xx.o(.text)
    UART7_IRQHandler                         0x08000267   Thumb Code     0  startup_stm32f427xx.o(.text)
    UART8_IRQHandler                         0x08000267   Thumb Code     0  startup_stm32f427xx.o(.text)
    USART1_IRQHandler                        0x08000267   Thumb Code     0  startup_stm32f427xx.o(.text)
    USART2_IRQHandler                        0x08000267   Thumb Code     0  startup_stm32f427xx.o(.text)
    USART3_IRQHandler                        0x08000267   Thumb Code     0  startup_stm32f427xx.o(.text)
    USART6_IRQHandler                        0x08000267   Thumb Code     0  startup_stm32f427xx.o(.text)
    WWDG_IRQHandler                          0x08000267   Thumb Code     0  startup_stm32f427xx.o(.text)
    __user_initial_stackheap                 0x08000269   Thumb Code     0  startup_stm32f427xx.o(.text)
    __aeabi_uldivmod                         0x0800028d   Thumb Code     0  lludivv7m.o(.text)
    _ll_udiv                                 0x0800028d   Thumb Code   238  lludivv7m.o(.text)
    __aeabi_assert                           0x0800037d   Thumb Code    86  assert.o(.text)
    __assert                                 0x0800037d   Thumb Code     0  assert.o(.text)
    __aeabi_memclr4                          0x080003fd   Thumb Code     0  rt_memclr_w.o(.text)
    __aeabi_memclr8                          0x080003fd   Thumb Code     0  rt_memclr_w.o(.text)
    __rt_memclr_w                            0x080003fd   Thumb Code    78  rt_memclr_w.o(.text)
    _memset_w                                0x08000401   Thumb Code     0  rt_memclr_w.o(.text)
    __use_two_region_memory                  0x0800044b   Thumb Code     2  heapauxi.o(.text)
    __rt_heap_escrow$2region                 0x0800044d   Thumb Code     2  heapauxi.o(.text)
    __rt_heap_expand$2region                 0x0800044f   Thumb Code     2  heapauxi.o(.text)
    abort                                    0x08000451   Thumb Code    22  abort.o(.text)
    __assert_puts                            0x08000467   Thumb Code    20  assert_puts.o(.text)
    _ttywrch                                 0x0800047b   Thumb Code    14  sys_wrch.o(.text)
    _sys_exit                                0x08000489   Thumb Code     8  sys_exit.o(.text)
    __rt_SIGABRT                             0x08000495   Thumb Code    14  defsig_abrt_outer.o(.text)
    __I$use$semihosting                      0x080004a3   Thumb Code     0  use_no_semi.o(.text)
    __use_no_semihosting_swi                 0x080004a3   Thumb Code     2  use_no_semi.o(.text)
    __semihosting_library_function           0x080004a5   Thumb Code     0  indicate_semi.o(.text)
    __user_setup_stackheap                   0x080004a5   Thumb Code    74  sys_stackheap_outer.o(.text)
    exit                                     0x080004ef   Thumb Code    18  exit.o(.text)
    __sig_exit                               0x08000501   Thumb Code    10  defsig_exit.o(.text)
    __rt_SIGABRT_inner                       0x0800050d   Thumb Code    14  defsig_abrt_inner.o(.text)
    __user_libspace                          0x0800053d   Thumb Code     8  libspace.o(.text)
    __user_perproc_libspace                  0x0800053d   Thumb Code     0  libspace.o(.text)
    __user_perthread_libspace                0x0800053d   Thumb Code     0  libspace.o(.text)
    __default_signal_display                 0x08000545   Thumb Code    50  defsig_general.o(.text)
    BusFault_Handler                         0x08000577   Thumb Code     4  stm32f4xx_it.o(i.BusFault_Handler)
    CAN1_RX0_IRQHandler                      0x0800057d   Thumb Code    10  stm32f4xx_it.o(i.CAN1_RX0_IRQHandler)
    DebugMon_Handler                         0x0800058d   Thumb Code     2  stm32f4xx_it.o(i.DebugMon_Handler)
    EXTI2_IRQHandler                         0x0800058f   Thumb Code    10  stm32f4xx_it.o(i.EXTI2_IRQHandler)
    Error_Handler                            0x08000599   Thumb Code     6  main.o(i.Error_Handler)
    Get_Motor_Information                    0x080005a1   Thumb Code    94  main.o(i.Get_Motor_Information)
    HAL_CAN_ActivateNotification             0x08000625   Thumb Code    42  stm32f4xx_hal_can.o(i.HAL_CAN_ActivateNotification)
    HAL_CAN_AddTxMessage                     0x0800064f   Thumb Code   342  stm32f4xx_hal_can.o(i.HAL_CAN_AddTxMessage)
    HAL_CAN_ConfigFilter                     0x080007a5   Thumb Code   286  stm32f4xx_hal_can.o(i.HAL_CAN_ConfigFilter)
    HAL_CAN_ErrorCallback                    0x080008c9   Thumb Code     2  stm32f4xx_hal_can.o(i.HAL_CAN_ErrorCallback)
    HAL_CAN_GetRxMessage                     0x080008cb   Thumb Code   378  stm32f4xx_hal_can.o(i.HAL_CAN_GetRxMessage)
    HAL_CAN_IRQHandler                       0x08000a45   Thumb Code   590  stm32f4xx_hal_can.o(i.HAL_CAN_IRQHandler)
    HAL_CAN_Init                             0x08000c93   Thumb Code   372  stm32f4xx_hal_can.o(i.HAL_CAN_Init)
    HAL_CAN_MspInit                          0x08000e09   Thumb Code   138  can.o(i.HAL_CAN_MspInit)
    HAL_CAN_RxFifo0FullCallback              0x08000ea1   Thumb Code     2  stm32f4xx_hal_can.o(i.HAL_CAN_RxFifo0FullCallback)
    HAL_CAN_RxFifo0MsgPendingCallback        0x08000ea5   Thumb Code   552  main.o(i.HAL_CAN_RxFifo0MsgPendingCallback)
    HAL_CAN_RxFifo1FullCallback              0x080010e5   Thumb Code     2  stm32f4xx_hal_can.o(i.HAL_CAN_RxFifo1FullCallback)
    HAL_CAN_RxFifo1MsgPendingCallback        0x080010e7   Thumb Code     2  stm32f4xx_hal_can.o(i.HAL_CAN_RxFifo1MsgPendingCallback)
    HAL_CAN_SleepCallback                    0x080010e9   Thumb Code     2  stm32f4xx_hal_can.o(i.HAL_CAN_SleepCallback)
    HAL_CAN_Start                            0x080010eb   Thumb Code    94  stm32f4xx_hal_can.o(i.HAL_CAN_Start)
    HAL_CAN_TxMailbox0AbortCallback          0x08001149   Thumb Code     2  stm32f4xx_hal_can.o(i.HAL_CAN_TxMailbox0AbortCallback)
    HAL_CAN_TxMailbox0CompleteCallback       0x0800114b   Thumb Code     2  stm32f4xx_hal_can.o(i.HAL_CAN_TxMailbox0CompleteCallback)
    HAL_CAN_TxMailbox1AbortCallback          0x0800114d   Thumb Code     2  stm32f4xx_hal_can.o(i.HAL_CAN_TxMailbox1AbortCallback)
    HAL_CAN_TxMailbox1CompleteCallback       0x0800114f   Thumb Code     2  stm32f4xx_hal_can.o(i.HAL_CAN_TxMailbox1CompleteCallback)
    HAL_CAN_TxMailbox2AbortCallback          0x08001151   Thumb Code     2  stm32f4xx_hal_can.o(i.HAL_CAN_TxMailbox2AbortCallback)
    HAL_CAN_TxMailbox2CompleteCallback       0x08001153   Thumb Code     2  stm32f4xx_hal_can.o(i.HAL_CAN_TxMailbox2CompleteCallback)
    HAL_CAN_WakeUpFromRxMsgCallback          0x08001155   Thumb Code     2  stm32f4xx_hal_can.o(i.HAL_CAN_WakeUpFromRxMsgCallback)
    HAL_GPIO_EXTI_Callback                   0x08001159   Thumb Code    20  main.o(i.HAL_GPIO_EXTI_Callback)
    HAL_GPIO_EXTI_IRQHandler                 0x08001171   Thumb Code    24  stm32f4xx_hal_gpio.o(i.HAL_GPIO_EXTI_IRQHandler)
    HAL_GPIO_Init                            0x0800118d   Thumb Code   474  stm32f4xx_hal_gpio.o(i.HAL_GPIO_Init)
    HAL_GPIO_WritePin                        0x0800139d   Thumb Code    12  stm32f4xx_hal_gpio.o(i.HAL_GPIO_WritePin)
    HAL_GetTick                              0x080013a9   Thumb Code     6  stm32f4xx_hal.o(i.HAL_GetTick)
    HAL_IncTick                              0x080013b5   Thumb Code    16  stm32f4xx_hal.o(i.HAL_IncTick)
    HAL_Init                                 0x080013cd   Thumb Code    54  stm32f4xx_hal.o(i.HAL_Init)
    HAL_InitTick                             0x08001409   Thumb Code    64  stm32f4xx_hal.o(i.HAL_InitTick)
    HAL_MspInit                              0x08001455   Thumb Code    68  stm32f4xx_hal_msp.o(i.HAL_MspInit)
    HAL_NVIC_EnableIRQ                       0x0800149d   Thumb Code    32  stm32f4xx_hal_cortex.o(i.HAL_NVIC_EnableIRQ)
    HAL_NVIC_SetPriority                     0x080014bd   Thumb Code   124  stm32f4xx_hal_cortex.o(i.HAL_NVIC_SetPriority)
    HAL_NVIC_SetPriorityGrouping             0x08001539   Thumb Code    32  stm32f4xx_hal_cortex.o(i.HAL_NVIC_SetPriorityGrouping)
    HAL_PWREx_EnableOverDrive                0x08001561   Thumb Code   128  stm32f4xx_hal_pwr_ex.o(i.HAL_PWREx_EnableOverDrive)
    HAL_RCC_ClockConfig                      0x080015ed   Thumb Code   368  stm32f4xx_hal_rcc.o(i.HAL_RCC_ClockConfig)
    HAL_RCC_GetSysClockFreq                  0x08001771   Thumb Code   162  stm32f4xx_hal_rcc.o(i.HAL_RCC_GetSysClockFreq)
    HAL_RCC_OscConfig                        0x08001821   Thumb Code  1172  stm32f4xx_hal_rcc.o(i.HAL_RCC_OscConfig)
    HAL_SYSTICK_Config                       0x08001cbd   Thumb Code    52  stm32f4xx_hal_cortex.o(i.HAL_SYSTICK_Config)
    HardFault_Handler                        0x08001cf1   Thumb Code     4  stm32f4xx_it.o(i.HardFault_Handler)
    MX_CAN1_Init                             0x08001cf5   Thumb Code   114  can.o(i.MX_CAN1_Init)
    MX_GPIO_Init                             0x08001d71   Thumb Code   300  gpio.o(i.MX_GPIO_Init)
    MemManage_Handler                        0x08001ead   Thumb Code     4  stm32f4xx_it.o(i.MemManage_Handler)
    NMI_Handler                              0x08001eb1   Thumb Code     4  stm32f4xx_it.o(i.NMI_Handler)
    PendSV_Handler                           0x08001eb5   Thumb Code     2  stm32f4xx_it.o(i.PendSV_Handler)
    SVC_Handler                              0x08001eb7   Thumb Code     2  stm32f4xx_it.o(i.SVC_Handler)
    SysTick_Handler                          0x08001eb9   Thumb Code     8  stm32f4xx_it.o(i.SysTick_Handler)
    SystemClock_Config                       0x08001ec1   Thumb Code   180  main.o(i.SystemClock_Config)
    SystemInit                               0x08001f7d   Thumb Code    14  system_stm32f4xx.o(i.SystemInit)
    UsageFault_Handler                       0x08001f91   Thumb Code     4  stm32f4xx_it.o(i.UsageFault_Handler)
    can_send_data                            0x08001fcd   Thumb Code   232  can.o(i.can_send_data)
    main                                     0x080020bd   Thumb Code    20  main.o(i.main)
    _fp_init                                 0x080020d1   Thumb Code    10  fpinit.o(x$fpl$fpinit)
    __fplib_config_fpu_vfp                   0x080020d9   Thumb Code     0  fpinit.o(x$fpl$fpinit)
    __fplib_config_pureend_doubles           0x080020d9   Thumb Code     0  fpinit.o(x$fpl$fpinit)
    AHBPrescTable                            0x080020da   Data          16  system_stm32f4xx.o(.constdata)
    APBPrescTable                            0x080020ea   Data           8  system_stm32f4xx.o(.constdata)
    Region$$Table$$Base                      0x080020f4   Number         0  anon$$obj.o(Region$$Table)
    Region$$Table$$Limit                     0x08002114   Number         0  anon$$obj.o(Region$$Table)
    motor_speed                              0x20000000   Data           2  main.o(.data)
    motor_select                             0x20000002   Data           1  main.o(.data)
    current_cont                             0x20000004   Data           8  main.o(.data)
    uwTick                                   0x2000000c   Data           4  stm32f4xx_hal.o(.data)
    uwTickPrio                               0x20000010   Data           4  stm32f4xx_hal.o(.data)
    uwTickFreq                               0x20000014   Data           1  stm32f4xx_hal.o(.data)
    SystemCoreClock                          0x20000018   Data           4  system_stm32f4xx.o(.data)
    g_can1_rxheader                          0x2000001c   Data          28  main.o(.bss)
    motor1                                   0x20000038   Data         160  main.o(.bss)
    g_can1_txheader                          0x200000d8   Data          24  can.o(.bss)
    hcan1                                    0x200000f0   Data          40  can.o(.bss)
    __libspace_start                         0x20000118   Data          96  libspace.o(.bss)
    __temporary_stack_top$libspace           0x20000178   Data           0  libspace.o(.bss)



==============================================================================

Memory Map of the image

  Image Entry point : 0x080001ad

  Load Region LR_IROM1 (Base: 0x08000000, Size: 0x00002130, Max: 0x00200000, ABSOLUTE)

    Execution Region ER_IROM1 (Exec base: 0x08000000, Load base: 0x08000000, Size: 0x00002114, Max: 0x00200000, ABSOLUTE)

    Exec Addr    Load Addr    Size         Type   Attr      Idx    E Section Name        Object

    0x08000000   0x08000000   0x000001ac   Data   RO            3    RESET               startup_stm32f427xx.o
    0x080001ac   0x080001ac   0x00000008   Code   RO         1944  * !!!main             c_w.l(__main.o)
    0x080001b4   0x080001b4   0x00000034   Code   RO         2121    !!!scatter          c_w.l(__scatter.o)
    0x080001e8   0x080001e8   0x0000001a   Code   RO         2123    !!handler_copy      c_w.l(__scatter_copy.o)
    0x08000202   0x08000202   0x00000002   PAD
    0x08000204   0x08000204   0x0000001c   Code   RO         2125    !!handler_zi        c_w.l(__scatter_zi.o)
    0x08000220   0x08000220   0x00000002   Code   RO         2002    .ARM.Collect$$libinit$$00000000  c_w.l(libinit.o)
    0x08000222   0x08000222   0x00000004   Code   RO         2014    .ARM.Collect$$libinit$$00000001  c_w.l(libinit2.o)
    0x08000226   0x08000226   0x00000000   Code   RO         2017    .ARM.Collect$$libinit$$00000004  c_w.l(libinit2.o)
    0x08000226   0x08000226   0x00000000   Code   RO         2020    .ARM.Collect$$libinit$$0000000A  c_w.l(libinit2.o)
    0x08000226   0x08000226   0x00000000   Code   RO         2022    .ARM.Collect$$libinit$$0000000C  c_w.l(libinit2.o)
    0x08000226   0x08000226   0x00000000   Code   RO         2024    .ARM.Collect$$libinit$$0000000E  c_w.l(libinit2.o)
    0x08000226   0x08000226   0x00000000   Code   RO         2027    .ARM.Collect$$libinit$$00000011  c_w.l(libinit2.o)
    0x08000226   0x08000226   0x00000000   Code   RO         2029    .ARM.Collect$$libinit$$00000013  c_w.l(libinit2.o)
    0x08000226   0x08000226   0x00000000   Code   RO         2031    .ARM.Collect$$libinit$$00000015  c_w.l(libinit2.o)
    0x08000226   0x08000226   0x00000000   Code   RO         2033    .ARM.Collect$$libinit$$00000017  c_w.l(libinit2.o)
    0x08000226   0x08000226   0x00000000   Code   RO         2035    .ARM.Collect$$libinit$$00000019  c_w.l(libinit2.o)
    0x08000226   0x08000226   0x00000000   Code   RO         2037    .ARM.Collect$$libinit$$0000001B  c_w.l(libinit2.o)
    0x08000226   0x08000226   0x00000000   Code   RO         2039    .ARM.Collect$$libinit$$0000001D  c_w.l(libinit2.o)
    0x08000226   0x08000226   0x00000000   Code   RO         2041    .ARM.Collect$$libinit$$0000001F  c_w.l(libinit2.o)
    0x08000226   0x08000226   0x00000000   Code   RO         2043    .ARM.Collect$$libinit$$00000021  c_w.l(libinit2.o)
    0x08000226   0x08000226   0x00000000   Code   RO         2045    .ARM.Collect$$libinit$$00000023  c_w.l(libinit2.o)
    0x08000226   0x08000226   0x00000000   Code   RO         2047    .ARM.Collect$$libinit$$00000025  c_w.l(libinit2.o)
    0x08000226   0x08000226   0x00000000   Code   RO         2051    .ARM.Collect$$libinit$$0000002C  c_w.l(libinit2.o)
    0x08000226   0x08000226   0x00000000   Code   RO         2053    .ARM.Collect$$libinit$$0000002E  c_w.l(libinit2.o)
    0x08000226   0x08000226   0x00000000   Code   RO         2055    .ARM.Collect$$libinit$$00000030  c_w.l(libinit2.o)
    0x08000226   0x08000226   0x00000000   Code   RO         2057    .ARM.Collect$$libinit$$00000032  c_w.l(libinit2.o)
    0x08000226   0x08000226   0x00000002   Code   RO         2058    .ARM.Collect$$libinit$$00000033  c_w.l(libinit2.o)
    0x08000228   0x08000228   0x00000002   Code   RO         2092    .ARM.Collect$$libshutdown$$00000000  c_w.l(libshutdown.o)
    0x0800022a   0x0800022a   0x00000000   Code   RO         2102    .ARM.Collect$$libshutdown$$00000002  c_w.l(libshutdown2.o)
    0x0800022a   0x0800022a   0x00000000   Code   RO         2104    .ARM.Collect$$libshutdown$$00000004  c_w.l(libshutdown2.o)
    0x0800022a   0x0800022a   0x00000000   Code   RO         2106    .ARM.Collect$$libshutdown$$00000006  c_w.l(libshutdown2.o)
    0x0800022a   0x0800022a   0x00000000   Code   RO         2109    .ARM.Collect$$libshutdown$$00000009  c_w.l(libshutdown2.o)
    0x0800022a   0x0800022a   0x00000000   Code   RO         2112    .ARM.Collect$$libshutdown$$0000000C  c_w.l(libshutdown2.o)
    0x0800022a   0x0800022a   0x00000000   Code   RO         2114    .ARM.Collect$$libshutdown$$0000000E  c_w.l(libshutdown2.o)
    0x0800022a   0x0800022a   0x00000000   Code   RO         2117    .ARM.Collect$$libshutdown$$00000011  c_w.l(libshutdown2.o)
    0x0800022a   0x0800022a   0x00000002   Code   RO         2118    .ARM.Collect$$libshutdown$$00000012  c_w.l(libshutdown2.o)
    0x0800022c   0x0800022c   0x00000000   Code   RO         1946    .ARM.Collect$$rtentry$$00000000  c_w.l(__rtentry.o)
    0x0800022c   0x0800022c   0x00000000   Code   RO         1960    .ARM.Collect$$rtentry$$00000002  c_w.l(__rtentry2.o)
    0x0800022c   0x0800022c   0x00000006   Code   RO         1972    .ARM.Collect$$rtentry$$00000004  c_w.l(__rtentry4.o)
    0x08000232   0x08000232   0x00000000   Code   RO         1962    .ARM.Collect$$rtentry$$00000009  c_w.l(__rtentry2.o)
    0x08000232   0x08000232   0x00000004   Code   RO         1963    .ARM.Collect$$rtentry$$0000000A  c_w.l(__rtentry2.o)
    0x08000236   0x08000236   0x00000000   Code   RO         1965    .ARM.Collect$$rtentry$$0000000C  c_w.l(__rtentry2.o)
    0x08000236   0x08000236   0x00000008   Code   RO         1966    .ARM.Collect$$rtentry$$0000000D  c_w.l(__rtentry2.o)
    0x0800023e   0x0800023e   0x00000002   Code   RO         2006    .ARM.Collect$$rtexit$$00000000  c_w.l(rtexit.o)
    0x08000240   0x08000240   0x00000000   Code   RO         2060    .ARM.Collect$$rtexit$$00000002  c_w.l(rtexit2.o)
    0x08000240   0x08000240   0x00000004   Code   RO         2061    .ARM.Collect$$rtexit$$00000003  c_w.l(rtexit2.o)
    0x08000244   0x08000244   0x00000006   Code   RO         2062    .ARM.Collect$$rtexit$$00000004  c_w.l(rtexit2.o)
    0x0800024a   0x0800024a   0x00000002   PAD
    0x0800024c   0x0800024c   0x00000040   Code   RO            4    .text               startup_stm32f427xx.o
    0x0800028c   0x0800028c   0x000000ee   Code   RO         1936    .text               c_w.l(lludivv7m.o)
    0x0800037a   0x0800037a   0x00000002   PAD
    0x0800037c   0x0800037c   0x00000080   Code   RO         1938    .text               c_w.l(assert.o)
    0x080003fc   0x080003fc   0x0000004e   Code   RO         1940    .text               c_w.l(rt_memclr_w.o)
    0x0800044a   0x0800044a   0x00000006   Code   RO         1942    .text               c_w.l(heapauxi.o)
    0x08000450   0x08000450   0x00000016   Code   RO         1951    .text               c_w.l(abort.o)
    0x08000466   0x08000466   0x00000014   Code   RO         1953    .text               c_w.l(assert_puts.o)
    0x0800047a   0x0800047a   0x0000000e   Code   RO         1955    .text               c_w.l(sys_wrch.o)
    0x08000488   0x08000488   0x0000000c   Code   RO         1957    .text               c_w.l(sys_exit.o)
    0x08000494   0x08000494   0x0000000e   Code   RO         1976    .text               c_w.l(defsig_abrt_outer.o)
    0x080004a2   0x080004a2   0x00000002   Code   RO         1980    .text               c_w.l(use_no_semi.o)
    0x080004a4   0x080004a4   0x00000000   Code   RO         1982    .text               c_w.l(indicate_semi.o)
    0x080004a4   0x080004a4   0x0000004a   Code   RO         1983    .text               c_w.l(sys_stackheap_outer.o)
    0x080004ee   0x080004ee   0x00000012   Code   RO         1987    .text               c_w.l(exit.o)
    0x08000500   0x08000500   0x0000000a   Code   RO         1989    .text               c_w.l(defsig_exit.o)
    0x0800050a   0x0800050a   0x00000002   PAD
    0x0800050c   0x0800050c   0x00000030   Code   RO         1991    .text               c_w.l(defsig_abrt_inner.o)
    0x0800053c   0x0800053c   0x00000008   Code   RO         2003    .text               c_w.l(libspace.o)
    0x08000544   0x08000544   0x00000032   Code   RO         2010    .text               c_w.l(defsig_general.o)
    0x08000576   0x08000576   0x00000004   Code   RO          249    i.BusFault_Handler  stm32f4xx_it.o
    0x0800057a   0x0800057a   0x00000002   PAD
    0x0800057c   0x0800057c   0x00000010   Code   RO          250    i.CAN1_RX0_IRQHandler  stm32f4xx_it.o
    0x0800058c   0x0800058c   0x00000002   Code   RO          251    i.DebugMon_Handler  stm32f4xx_it.o
    0x0800058e   0x0800058e   0x0000000a   Code   RO          252    i.EXTI2_IRQHandler  stm32f4xx_it.o
    0x08000598   0x08000598   0x00000006   Code   RO           13    i.Error_Handler     main.o
    0x0800059e   0x0800059e   0x00000002   PAD
    0x080005a0   0x080005a0   0x00000084   Code   RO           14    i.Get_Motor_Information  main.o
    0x08000624   0x08000624   0x0000002a   Code   RO          362    i.HAL_CAN_ActivateNotification  stm32f4xx_hal_can.o
    0x0800064e   0x0800064e   0x00000156   Code   RO          363    i.HAL_CAN_AddTxMessage  stm32f4xx_hal_can.o
    0x080007a4   0x080007a4   0x00000124   Code   RO          364    i.HAL_CAN_ConfigFilter  stm32f4xx_hal_can.o
    0x080008c8   0x080008c8   0x00000002   Code   RO          367    i.HAL_CAN_ErrorCallback  stm32f4xx_hal_can.o
    0x080008ca   0x080008ca   0x0000017a   Code   RO          370    i.HAL_CAN_GetRxMessage  stm32f4xx_hal_can.o
    0x08000a44   0x08000a44   0x0000024e   Code   RO          374    i.HAL_CAN_IRQHandler  stm32f4xx_hal_can.o
    0x08000c92   0x08000c92   0x00000174   Code   RO          375    i.HAL_CAN_Init      stm32f4xx_hal_can.o
    0x08000e06   0x08000e06   0x00000002   PAD
    0x08000e08   0x08000e08   0x00000098   Code   RO          202    i.HAL_CAN_MspInit   can.o
    0x08000ea0   0x08000ea0   0x00000002   Code   RO          382    i.HAL_CAN_RxFifo0FullCallback  stm32f4xx_hal_can.o
    0x08000ea2   0x08000ea2   0x00000002   PAD
    0x08000ea4   0x08000ea4   0x00000240   Code   RO           15    i.HAL_CAN_RxFifo0MsgPendingCallback  main.o
    0x080010e4   0x080010e4   0x00000002   Code   RO          384    i.HAL_CAN_RxFifo1FullCallback  stm32f4xx_hal_can.o
    0x080010e6   0x080010e6   0x00000002   Code   RO          385    i.HAL_CAN_RxFifo1MsgPendingCallback  stm32f4xx_hal_can.o
    0x080010e8   0x080010e8   0x00000002   Code   RO          386    i.HAL_CAN_SleepCallback  stm32f4xx_hal_can.o
    0x080010ea   0x080010ea   0x0000005e   Code   RO          387    i.HAL_CAN_Start     stm32f4xx_hal_can.o
    0x08001148   0x08001148   0x00000002   Code   RO          389    i.HAL_CAN_TxMailbox0AbortCallback  stm32f4xx_hal_can.o
    0x0800114a   0x0800114a   0x00000002   Code   RO          390    i.HAL_CAN_TxMailbox0CompleteCallback  stm32f4xx_hal_can.o
    0x0800114c   0x0800114c   0x00000002   Code   RO          391    i.HAL_CAN_TxMailbox1AbortCallback  stm32f4xx_hal_can.o
    0x0800114e   0x0800114e   0x00000002   Code   RO          392    i.HAL_CAN_TxMailbox1CompleteCallback  stm32f4xx_hal_can.o
    0x08001150   0x08001150   0x00000002   Code   RO          393    i.HAL_CAN_TxMailbox2AbortCallback  stm32f4xx_hal_can.o
    0x08001152   0x08001152   0x00000002   Code   RO          394    i.HAL_CAN_TxMailbox2CompleteCallback  stm32f4xx_hal_can.o
    0x08001154   0x08001154   0x00000002   Code   RO          396    i.HAL_CAN_WakeUpFromRxMsgCallback  stm32f4xx_hal_can.o
    0x08001156   0x08001156   0x00000002   PAD
    0x08001158   0x08001158   0x00000018   Code   RO           16    i.HAL_GPIO_EXTI_Callback  main.o
    0x08001170   0x08001170   0x0000001c   Code   RO         1051    i.HAL_GPIO_EXTI_IRQHandler  stm32f4xx_hal_gpio.o
    0x0800118c   0x0800118c   0x00000210   Code   RO         1052    i.HAL_GPIO_Init     stm32f4xx_hal_gpio.o
    0x0800139c   0x0800139c   0x0000000c   Code   RO         1056    i.HAL_GPIO_WritePin  stm32f4xx_hal_gpio.o
    0x080013a8   0x080013a8   0x0000000c   Code   RO         1609    i.HAL_GetTick       stm32f4xx_hal.o
    0x080013b4   0x080013b4   0x00000018   Code   RO         1615    i.HAL_IncTick       stm32f4xx_hal.o
    0x080013cc   0x080013cc   0x0000003c   Code   RO         1616    i.HAL_Init          stm32f4xx_hal.o
    0x08001408   0x08001408   0x0000004c   Code   RO         1617    i.HAL_InitTick      stm32f4xx_hal.o
    0x08001454   0x08001454   0x00000048   Code   RO          337    i.HAL_MspInit       stm32f4xx_hal_msp.o
    0x0800149c   0x0800149c   0x00000020   Code   RO         1459    i.HAL_NVIC_EnableIRQ  stm32f4xx_hal_cortex.o
    0x080014bc   0x080014bc   0x0000007c   Code   RO         1465    i.HAL_NVIC_SetPriority  stm32f4xx_hal_cortex.o
    0x08001538   0x08001538   0x00000028   Code   RO         1466    i.HAL_NVIC_SetPriorityGrouping  stm32f4xx_hal_cortex.o
    0x08001560   0x08001560   0x0000008c   Code   RO         1388    i.HAL_PWREx_EnableOverDrive  stm32f4xx_hal_pwr_ex.o
    0x080015ec   0x080015ec   0x00000184   Code   RO          596    i.HAL_RCC_ClockConfig  stm32f4xx_hal_rcc.o
    0x08001770   0x08001770   0x000000b0   Code   RO          605    i.HAL_RCC_GetSysClockFreq  stm32f4xx_hal_rcc.o
    0x08001820   0x08001820   0x0000049c   Code   RO          608    i.HAL_RCC_OscConfig  stm32f4xx_hal_rcc.o
    0x08001cbc   0x08001cbc   0x00000034   Code   RO         1470    i.HAL_SYSTICK_Config  stm32f4xx_hal_cortex.o
    0x08001cf0   0x08001cf0   0x00000004   Code   RO          253    i.HardFault_Handler  stm32f4xx_it.o
    0x08001cf4   0x08001cf4   0x0000007c   Code   RO          203    i.MX_CAN1_Init      can.o
    0x08001d70   0x08001d70   0x0000013c   Code   RO          177    i.MX_GPIO_Init      gpio.o
    0x08001eac   0x08001eac   0x00000004   Code   RO          254    i.MemManage_Handler  stm32f4xx_it.o
    0x08001eb0   0x08001eb0   0x00000004   Code   RO          255    i.NMI_Handler       stm32f4xx_it.o
    0x08001eb4   0x08001eb4   0x00000002   Code   RO          256    i.PendSV_Handler    stm32f4xx_it.o
    0x08001eb6   0x08001eb6   0x00000002   Code   RO          257    i.SVC_Handler       stm32f4xx_it.o
    0x08001eb8   0x08001eb8   0x00000008   Code   RO          258    i.SysTick_Handler   stm32f4xx_it.o
    0x08001ec0   0x08001ec0   0x000000bc   Code   RO           17    i.SystemClock_Config  main.o
    0x08001f7c   0x08001f7c   0x00000014   Code   RO         1901    i.SystemInit        system_stm32f4xx.o
    0x08001f90   0x08001f90   0x00000004   Code   RO          259    i.UsageFault_Handler  stm32f4xx_it.o
    0x08001f94   0x08001f94   0x00000010   Code   RO         1472    i.__NVIC_GetPriorityGrouping  stm32f4xx_hal_cortex.o
    0x08001fa4   0x08001fa4   0x00000028   Code   RO         1473    i.__NVIC_SetPriority  stm32f4xx_hal_cortex.o
    0x08001fcc   0x08001fcc   0x000000f0   Code   RO          204    i.can_send_data     can.o
    0x080020bc   0x080020bc   0x00000014   Code   RO           18    i.main              main.o
    0x080020d0   0x080020d0   0x0000000a   Code   RO         2070    x$fpl$fpinit        fz_wm.l(fpinit.o)
    0x080020da   0x080020da   0x00000018   Data   RO         1902    .constdata          system_stm32f4xx.o
    0x080020f2   0x080020f2   0x00000002   PAD
    0x080020f4   0x080020f4   0x00000020   Data   RO         2119    Region$$Table       anon$$obj.o


    Execution Region RW_IRAM2 (Exec base: 0x10000000, Load base: 0x08002130, Size: 0x00000000, Max: 0x00010000, ABSOLUTE)

    **** No section assigned to this execution region ****


    Execution Region RW_IRAM1 (Exec base: 0x20000000, Load base: 0x08002114, Size: 0x00000778, Max: 0x00030000, ABSOLUTE)

    Exec Addr    Load Addr    Size         Type   Attr      Idx    E Section Name        Object

    0x20000000   0x08002114   0x0000000c   Data   RW           20    .data               main.o
    0x2000000c   0x08002120   0x00000009   Data   RW         1623    .data               stm32f4xx_hal.o
    0x20000015   0x08002129   0x00000003   PAD
    0x20000018   0x0800212c   0x00000004   Data   RW         1903    .data               system_stm32f4xx.o
    0x2000001c        -       0x000000bc   Zero   RW           19    .bss                main.o
    0x200000d8        -       0x00000040   Zero   RW          205    .bss                can.o
    0x20000118        -       0x00000060   Zero   RW         2004    .bss                c_w.l(libspace.o)
    0x20000178        -       0x00000200   Zero   RW            2    HEAP                startup_stm32f427xx.o
    0x20000378        -       0x00000400   Zero   RW            1    STACK               startup_stm32f427xx.o


==============================================================================

Image component sizes


      Code (inc. data)   RO Data    RW Data    ZI Data      Debug   Object Name

       516         32          0          0         64       2665   can.o
       316         16          0          0          0       1067   gpio.o
       946         82          0         12        188     700186   main.o
        64         26        428          0       1536        844   startup_stm32f427xx.o
       172         32          0          9          0       8885   stm32f4xx_hal.o
      2134          6          0          0          0      14283   stm32f4xx_hal_can.o
       304         22          0          0          0      34439   stm32f4xx_hal_cortex.o
       568         58          0          0          0       2759   stm32f4xx_hal_gpio.o
        72          4          0          0          0        826   stm32f4xx_hal_msp.o
       140         12          0          0          0       1276   stm32f4xx_hal_pwr_ex.o
      1744         58          0          0          0       3884   stm32f4xx_hal_rcc.o
        60          6          0          0          0       5083   stm32f4xx_it.o
        20          6         24          4          0       1103   system_stm32f4xx.o

    ----------------------------------------------------------------------
      7066        360        486         28       1788     777300   Object Totals
         0          0         32          0          0          0   (incl. Generated)
        10          0          2          3          0          0   (incl. Padding)

    ----------------------------------------------------------------------

      Code (inc. data)   RO Data    RW Data    ZI Data      Debug   Library Member Name

         8          0          0          0          0         68   __main.o
         0          0          0          0          0          0   __rtentry.o
        12          0          0          0          0          0   __rtentry2.o
         6          0          0          0          0          0   __rtentry4.o
        52          8          0          0          0          0   __scatter.o
        26          0          0          0          0          0   __scatter_copy.o
        28          0          0          0          0          0   __scatter_zi.o
        22          0          0          0          0         80   abort.o
       128         42          0          0          0         76   assert.o
        20          0          0          0          0         76   assert_puts.o
        48         34          0          0          0         76   defsig_abrt_inner.o
        14          0          0          0          0         80   defsig_abrt_outer.o
        10          0          0          0          0         68   defsig_exit.o
        50          0          0          0          0         88   defsig_general.o
        18          0          0          0          0         80   exit.o
         6          0          0          0          0        152   heapauxi.o
         0          0          0          0          0          0   indicate_semi.o
         2          0          0          0          0          0   libinit.o
         6          0          0          0          0          0   libinit2.o
         2          0          0          0          0          0   libshutdown.o
         2          0          0          0          0          0   libshutdown2.o
         8          4          0          0         96         68   libspace.o
       238          0          0          0          0        100   lludivv7m.o
        78          0          0          0          0         80   rt_memclr_w.o
         2          0          0          0          0          0   rtexit.o
        10          0          0          0          0          0   rtexit2.o
        12          4          0          0          0         68   sys_exit.o
        74          0          0          0          0         80   sys_stackheap_outer.o
        14          0          0          0          0         76   sys_wrch.o
         2          0          0          0          0         68   use_no_semi.o
        10          0          0          0          0        116   fpinit.o

    ----------------------------------------------------------------------
       916         92          0          0         96       1500   Library Totals
         8          0          0          0          0          0   (incl. Padding)

    ----------------------------------------------------------------------

      Code (inc. data)   RO Data    RW Data    ZI Data      Debug   Library Name

       898         92          0          0         96       1384   c_w.l
        10          0          0          0          0        116   fz_wm.l

    ----------------------------------------------------------------------
       916         92          0          0         96       1500   Library Totals

    ----------------------------------------------------------------------

==============================================================================


      Code (inc. data)   RO Data    RW Data    ZI Data      Debug   

      7982        452        486         28       1884     772824   Grand Totals
      7982        452        486         28       1884     772824   ELF Image Totals
      7982        452        486         28          0          0   ROM Totals

==============================================================================

    Total RO  Size (Code + RO Data)                 8468 (   8.27kB)
    Total RW  Size (RW Data + ZI Data)              1912 (   1.87kB)
    Total ROM Size (Code + RO Data + RW Data)       8496 (   8.30kB)

==============================================================================

